Archive member included to satisfy reference by file (symbol)

C:/Program Files/STM32CubeIDE_1.16.1/STM32CubeIDE/plugins/com.st.stm32cube.ide.mcu.externaltools.gnu-tools-for-stm32.12.3.rel1.win32_1.0.200.202406191623/tools/bin/../lib/gcc/arm-none-eabi/12.3.1/../../../../arm-none-eabi/lib/thumb/v7e-m+fp/hard\libc_nano.a(libc_a-exit.o)
                              C:/Program Files/STM32CubeIDE_1.16.1/STM32CubeIDE/plugins/com.st.stm32cube.ide.mcu.externaltools.gnu-tools-for-stm32.12.3.rel1.win32_1.0.200.202406191623/tools/bin/../lib/gcc/arm-none-eabi/12.3.1/../../../../arm-none-eabi/lib/thumb/v7e-m+fp/hard/crt0.o (exit)
C:/Program Files/STM32CubeIDE_1.16.1/STM32CubeIDE/plugins/com.st.stm32cube.ide.mcu.externaltools.gnu-tools-for-stm32.12.3.rel1.win32_1.0.200.202406191623/tools/bin/../lib/gcc/arm-none-eabi/12.3.1/../../../../arm-none-eabi/lib/thumb/v7e-m+fp/hard\libc_nano.a(libc_a-findfp.o)
                              ./Middlewares/Third_Party/FreeRTOS/Source/tasks.o (__sf)
C:/Program Files/STM32CubeIDE_1.16.1/STM32CubeIDE/plugins/com.st.stm32cube.ide.mcu.externaltools.gnu-tools-for-stm32.12.3.rel1.win32_1.0.200.202406191623/tools/bin/../lib/gcc/arm-none-eabi/12.3.1/../../../../arm-none-eabi/lib/thumb/v7e-m+fp/hard\libc_nano.a(libc_a-fwalk.o)
                              C:/Program Files/STM32CubeIDE_1.16.1/STM32CubeIDE/plugins/com.st.stm32cube.ide.mcu.externaltools.gnu-tools-for-stm32.12.3.rel1.win32_1.0.200.202406191623/tools/bin/../lib/gcc/arm-none-eabi/12.3.1/../../../../arm-none-eabi/lib/thumb/v7e-m+fp/hard\libc_nano.a(libc_a-findfp.o) (_fwalk_sglue)
C:/Program Files/STM32CubeIDE_1.16.1/STM32CubeIDE/plugins/com.st.stm32cube.ide.mcu.externaltools.gnu-tools-for-stm32.12.3.rel1.win32_1.0.200.202406191623/tools/bin/../lib/gcc/arm-none-eabi/12.3.1/../../../../arm-none-eabi/lib/thumb/v7e-m+fp/hard\libc_nano.a(libc_a-snprintf.o)
                              ./Core/Src/freertos.o (snprintf)
C:/Program Files/STM32CubeIDE_1.16.1/STM32CubeIDE/plugins/com.st.stm32cube.ide.mcu.externaltools.gnu-tools-for-stm32.12.3.rel1.win32_1.0.200.202406191623/tools/bin/../lib/gcc/arm-none-eabi/12.3.1/../../../../arm-none-eabi/lib/thumb/v7e-m+fp/hard\libc_nano.a(libc_a-stdio.o)
                              C:/Program Files/STM32CubeIDE_1.16.1/STM32CubeIDE/plugins/com.st.stm32cube.ide.mcu.externaltools.gnu-tools-for-stm32.12.3.rel1.win32_1.0.200.202406191623/tools/bin/../lib/gcc/arm-none-eabi/12.3.1/../../../../arm-none-eabi/lib/thumb/v7e-m+fp/hard\libc_nano.a(libc_a-findfp.o) (__sread)
C:/Program Files/STM32CubeIDE_1.16.1/STM32CubeIDE/plugins/com.st.stm32cube.ide.mcu.externaltools.gnu-tools-for-stm32.12.3.rel1.win32_1.0.200.202406191623/tools/bin/../lib/gcc/arm-none-eabi/12.3.1/../../../../arm-none-eabi/lib/thumb/v7e-m+fp/hard\libc_nano.a(libc_a-memset.o)
                              C:/Program Files/STM32CubeIDE_1.16.1/STM32CubeIDE/plugins/com.st.stm32cube.ide.mcu.externaltools.gnu-tools-for-stm32.12.3.rel1.win32_1.0.200.202406191623/tools/bin/../lib/gcc/arm-none-eabi/12.3.1/../../../../arm-none-eabi/lib/thumb/v7e-m+fp/hard/crt0.o (memset)
C:/Program Files/STM32CubeIDE_1.16.1/STM32CubeIDE/plugins/com.st.stm32cube.ide.mcu.externaltools.gnu-tools-for-stm32.12.3.rel1.win32_1.0.200.202406191623/tools/bin/../lib/gcc/arm-none-eabi/12.3.1/../../../../arm-none-eabi/lib/thumb/v7e-m+fp/hard\libc_nano.a(libc_a-closer.o)
                              C:/Program Files/STM32CubeIDE_1.16.1/STM32CubeIDE/plugins/com.st.stm32cube.ide.mcu.externaltools.gnu-tools-for-stm32.12.3.rel1.win32_1.0.200.202406191623/tools/bin/../lib/gcc/arm-none-eabi/12.3.1/../../../../arm-none-eabi/lib/thumb/v7e-m+fp/hard\libc_nano.a(libc_a-stdio.o) (_close_r)
C:/Program Files/STM32CubeIDE_1.16.1/STM32CubeIDE/plugins/com.st.stm32cube.ide.mcu.externaltools.gnu-tools-for-stm32.12.3.rel1.win32_1.0.200.202406191623/tools/bin/../lib/gcc/arm-none-eabi/12.3.1/../../../../arm-none-eabi/lib/thumb/v7e-m+fp/hard\libc_nano.a(libc_a-reent.o)
                              ./Middlewares/Third_Party/FreeRTOS/Source/tasks.o (_reclaim_reent)
C:/Program Files/STM32CubeIDE_1.16.1/STM32CubeIDE/plugins/com.st.stm32cube.ide.mcu.externaltools.gnu-tools-for-stm32.12.3.rel1.win32_1.0.200.202406191623/tools/bin/../lib/gcc/arm-none-eabi/12.3.1/../../../../arm-none-eabi/lib/thumb/v7e-m+fp/hard\libc_nano.a(libc_a-impure.o)
                              ./Middlewares/Third_Party/FreeRTOS/Source/tasks.o (_impure_ptr)
C:/Program Files/STM32CubeIDE_1.16.1/STM32CubeIDE/plugins/com.st.stm32cube.ide.mcu.externaltools.gnu-tools-for-stm32.12.3.rel1.win32_1.0.200.202406191623/tools/bin/../lib/gcc/arm-none-eabi/12.3.1/../../../../arm-none-eabi/lib/thumb/v7e-m+fp/hard\libc_nano.a(libc_a-lseekr.o)
                              C:/Program Files/STM32CubeIDE_1.16.1/STM32CubeIDE/plugins/com.st.stm32cube.ide.mcu.externaltools.gnu-tools-for-stm32.12.3.rel1.win32_1.0.200.202406191623/tools/bin/../lib/gcc/arm-none-eabi/12.3.1/../../../../arm-none-eabi/lib/thumb/v7e-m+fp/hard\libc_nano.a(libc_a-stdio.o) (_lseek_r)
[...]
Memory Configuration

Name             Origin             Length             Attributes
CCMRAM           0x10000000         0x00010000         xrw
RAM              0x20000000         0x00020000         xrw
FLASH            0x08000000         0x00100000         xr
*default*        0x00000000         0xffffffff

Linker script and memory map

LOAD C:/Program Files/STM32CubeIDE_1.16.1/STM32CubeIDE/plugins/com.st.stm32cube.ide.mcu.externaltools.gnu-tools-for-stm32.12.3.rel1.win32_1.0.200.202406191623/tools/bin/../lib/gcc/arm-none-eabi/12.3.1/thumb/v7e-m+fp/hard/crti.o
LOAD C:/Program Files/STM32CubeIDE_1.16.1/STM32CubeIDE/plugins/com.st.stm32cube.ide.mcu.externaltools.gnu-tools-for-stm32.12.3.rel1.win32_1.0.200.202406191623/tools/bin/../lib/gcc/arm-none-eabi/12.3.1/thumb/v7e-m+fp/hard/crtbegin.o
LOAD C:/Program Files/STM32CubeIDE_1.16.1/STM32CubeIDE/plugins/com.st.stm32cube.ide.mcu.externaltools.gnu-tools-for-stm32.12.3.rel1.win32_1.0.200.202406191623/tools/bin/../lib/gcc/arm-none-eabi/12.3.1/../../../../arm-none-eabi/lib/thumb/v7e-m+fp/hard/crt0.o
LOAD ./Core/ST7789/fonts.o
LOAD ./Core/ST7789/st7789.o
LOAD ./Core/Src/dac.o
LOAD ./Core/Src/dma.o
LOAD ./Core/Src/freertos.o
LOAD ./Core/Src/gpio.o
LOAD ./Core/Src/main.o
LOAD ./Core/Src/spi.o
LOAD ./Core/Src/stm32f4xx_hal_msp.o
LOAD ./Core/Src/stm32f4xx_hal_timebase_tim.o
LOAD ./Core/Src/stm32f4xx_it.o
LOAD ./Core/Src/syscalls.o
LOAD ./Core/Src/sysmem.o
LOAD ./Core/Src/system_stm32f4xx.o
LOAD ./Core/Src/usart.o
LOAD ./Core/Startup/startup_stm32f405rgtx.o
LOAD ./Core/XPT2046-HAL-SPI-master/XPT2046_touch.o
LOAD ./Drivers/STM32F4xx_HAL_Driver/Src/stm32f4xx_hal.o
LOAD ./Drivers/STM32F4xx_HAL_Driver/Src/stm32f4xx_hal_cortex.o
LOAD ./Drivers/STM32F4xx_HAL_Driver/Src/stm32f4xx_hal_dac.o
LOAD ./Drivers/STM32F4xx_HAL_Driver/Src/stm32f4xx_hal_dac_ex.o
LOAD ./Drivers/STM32F4xx_HAL_Driver/Src/stm32f4xx_hal_dma.o
LOAD ./Drivers/STM32F4xx_HAL_Driver/Src/stm32f4xx_hal_dma_ex.o
LOAD ./Drivers/STM32F4xx_HAL_Driver/Src/stm32f4xx_hal_exti.o
LOAD ./Drivers/STM32F4xx_HAL_Driver/Src/stm32f4xx_hal_flash.o
LOAD ./Drivers/STM32F4xx_HAL_Driver/Src/stm32f4xx_hal_flash_ex.o
LOAD ./Drivers/STM32F4xx_HAL_Driver/Src/stm32f4xx_hal_flash_ramfunc.o
LOAD ./Drivers/STM32F4xx_HAL_Driver/Src/stm32f4xx_hal_gpio.o
LOAD ./Drivers/STM32F4xx_HAL_Driver/Src/stm32f4xx_hal_pwr.o
LOAD ./Drivers/STM32F4xx_HAL_Driver/Src/stm32f4xx_hal_pwr_ex.o
LOAD ./Drivers/STM32F4xx_HAL_Driver/Src/stm32f4xx_hal_rcc.o
LOAD ./Drivers/STM32F4xx_HAL_Driver/Src/stm32f4xx_hal_rcc_ex.o
LOAD ./Drivers/STM32F4xx_HAL_Driver/Src/stm32f4xx_hal_spi.o
LOAD ./Drivers/STM32F4xx_HAL_Driver/Src/stm32f4xx_hal_tim.o
LOAD ./Drivers/STM32F4xx_HAL_Driver/Src/stm32f4xx_hal_tim_ex.o
LOAD ./Drivers/STM32F4xx_HAL_Driver/Src/stm32f4xx_hal_uart.o
LOAD ./Middlewares/Third_Party/FreeRTOS/Source/CMSIS_RTOS_V2/cmsis_os2.o
LOAD ./Middlewares/Third_Party/FreeRTOS/Source/croutine.o
LOAD ./Middlewares/Third_Party/FreeRTOS/Source/event_groups.o
LOAD ./Middlewares/Third_Party/FreeRTOS/Source/list.o
LOAD ./Middlewares/Third_Party/FreeRTOS/Source/queue.o
LOAD ./Middlewares/Third_Party/FreeRTOS/Source/stream_buffer.o
LOAD ./Middlewares/Third_Party/FreeRTOS/Source/tasks.o
LOAD ./Middlewares/Third_Party/FreeRTOS/Source/timers.o
LOAD ./Middlewares/Third_Party/FreeRTOS/Source/portable/GCC/ARM_CM4F/port.o
LOAD ./Middlewares/Third_Party/FreeRTOS/Source/portable/MemMang/heap_4.o
START GROUP
LOAD C:/Program Files/STM32CubeIDE_1.16.1/STM32CubeIDE/plugins/com.st.stm32cube.ide.mcu.externaltools.gnu-tools-for-stm32.12.3.rel1.win32_1.0.200.202406191623/tools/bin/../lib/gcc/arm-none-eabi/12.3.1/../../../../arm-none-eabi/lib/thumb/v7e-m+fp/hard\libc_nano.a
LOAD C:/Program Files/STM32CubeIDE_1.16.1/STM32CubeIDE/plugins/com.st.stm32cube.ide.mcu.externaltools.gnu-tools-for-stm32.12.3.rel1.win32_1.0.200.202406191623/tools/bin/../lib/gcc/arm-none-eabi/12.3.1/../../../../arm-none-eabi/lib/thumb/v7e-m+fp/hard\libm.a
END GROUP
START GROUP
LOAD C:/Program Files/STM32CubeIDE_1.16.1/STM32CubeIDE/plugins/com.st.stm32cube.ide.mcu.externaltools.gnu-tools-for-stm32.12.3.rel1.win32_1.0.200.202406191623/tools/bin/../lib/gcc/arm-none-eabi/12.3.1/thumb/v7e-m+fp/hard\libgcc.a
LOAD C:/Program Files/STM32CubeIDE_1.16.1/STM32CubeIDE/plugins/com.st.stm32cube.ide.mcu.externaltools.gnu-tools-for-stm32.12.3.rel1.win32_1.0.200.202406191623/tools/bin/../lib/gcc/arm-none-eabi/12.3.1/../../../../arm-none-eabi/lib/thumb/v7e-m+fp/hard\libc_nano.a
END GROUP
START GROUP
LOAD C:/Program Files/STM32CubeIDE_1.16.1/STM32CubeIDE/plugins/com.st.stm32cube.ide.mcu.externaltools.gnu-tools-for-stm32.12.3.rel1.win32_1.0.200.202406191623/tools/bin/../lib/gcc/arm-none-eabi/12.3.1/thumb/v7e-m+fp/hard\libgcc.a
LOAD C:/Program Files/STM32CubeIDE_1.16.1/STM32CubeIDE/plugins/com.st.stm32cube.ide.mcu.externaltools.gnu-tools-for-stm32.12.3.rel1.win32_1.0.200.202406191623/tools/bin/../lib/gcc/arm-none-eabi/12.3.1/../../../../arm-none-eabi/lib/thumb/v7e-m+fp/hard\libc_nano.a
LOAD C:/Program Files/STM32CubeIDE_1.16.1/STM32CubeIDE/plugins/com.st.stm32cube.ide.mcu.externaltools.gnu-tools-for-stm32.12.3.rel1.win32_1.0.200.202406191623/tools/bin/../lib/gcc/arm-none-eabi/12.3.1/../../../../arm-none-eabi/lib/thumb/v7e-m+fp/hard\libnosys.a
END GROUP
START GROUP
LOAD C:/Program Files/STM32CubeIDE_1.16.1/STM32CubeIDE/plugins/com.st.stm32cube.ide.mcu.externaltools.gnu-tools-for-stm32.12.3.rel1.win32_1.0.200.202406191623/tools/bin/../lib/gcc/arm-none-eabi/12.3.1/thumb/v7e-m+fp/hard\libgcc.a
LOAD C:/Program Files/STM32CubeIDE_1.16.1/STM32CubeIDE/plugins/com.st.stm32cube.ide.mcu.externaltools.gnu-tools-for-stm32.12.3.rel1.win32_1.0.200.202406191623/tools/bin/../lib/gcc/arm-none-eabi/12.3.1/../../../../arm-none-eabi/lib/thumb/v7e-m+fp/hard\libc_nano.a
LOAD C:/Program Files/STM32CubeIDE_1.16.1/STM32CubeIDE/plugins/com.st.stm32cube.ide.mcu.externaltools.gnu-tools-for-stm32.12.3.rel1.win32_1.0.200.202406191623/tools/bin/../lib/gcc/arm-none-eabi/12.3.1/../../../../arm-none-eabi/lib/thumb/v7e-m+fp/hard\libnosys.a
END GROUP
LOAD C:/Program Files/STM32CubeIDE_1.16.1/STM32CubeIDE/plugins/com.st.stm32cube.ide.mcu.externaltools.gnu-tools-for-stm32.12.3.rel1.win32_1.0.200.202406191623/tools/bin/../lib/gcc/arm-none-eabi/12.3.1/thumb/v7e-m+fp/hard/crtend.o
LOAD C:/Program Files/STM32CubeIDE_1.16.1/STM32CubeIDE/plugins/com.st.stm32cube.ide.mcu.externaltools.gnu-tools-for-stm32.12.3.rel1.win32_1.0.200.202406191623/tools/bin/../lib/gcc/arm-none-eabi/12.3.1/thumb/v7e-m+fp/hard/crtn.o
                0x20020000                        _estack = (ORIGIN (RAM) + LENGTH (RAM))
                0x00002000                        _Min_Heap_Size = 0x2000
                0x00004000                        _Min_Stack_Size = 0x4000

.isr_vector     0x08000000      0x188
                0x08000000                        . = ALIGN (0x4)
 *(.isr_vector)
 .isr_vector    0x08000000      0x188 ./Core/Startup/startup_stm32f405rgtx.o
                0x08000000                g_pfnVectors
                0x08000188                        . = ALIGN (0x4)

.text           0x08000190     0xaa98
                0x08000190                        . = ALIGN (0x4)
 *(.text)
 .text          0x08000190       0x40 C:/Program Files/STM32CubeIDE_1.16.1/STM32CubeIDE/plugins/com.st.stm32cube.ide.mcu.externaltools.gnu-tools-for-stm32.12.3.rel1.win32_1.0.200.202406191623/tools/bin/../lib/gcc/arm-none-eabi/12.3.1/thumb/v7e-m+fp/hard/crtbegin.o
 .text          0x080001d0       0x10 C:/Program Files/STM32CubeIDE_1.16.1/STM32CubeIDE/plugins/com.st.stm32cube.ide.mcu.externaltools.gnu-tools-for-stm32.12.3.rel1.win32_1.0.200.202406191623/tools/bin/../lib/gcc/arm-none-eabi/12.3.1/../../../../arm-none-eabi/lib/thumb/v7e-m+fp/hard\libc_nano.a(libc_a-strlen.o)
                0x080001d0                strlen
 .text          0x080001e0       0xa0 C:/Program Files/STM32CubeIDE_1.16.1/STM32CubeIDE/plugins/com.st.stm32cube.ide.mcu.externaltools.gnu-tools-for-stm32.12.3.rel1.win32_1.0.200.202406191623/tools/bin/../lib/gcc/arm-none-eabi/12.3.1/../../../../arm-none-eabi/lib/thumb/v7e-m+fp/hard\libc_nano.a(libc_a-memchr.o)
                0x080001e0                memchr
 .text          0x08000280      0x378 C:/Program Files/STM32CubeIDE_1.16.1/STM32CubeIDE/plugins/com.st.stm32cube.ide.mcu.externaltools.gnu-tools-for-stm32.12.3.rel1.win32_1.0.200.202406191623/tools/bin/../lib/gcc/arm-none-eabi/12.3.1/thumb/v7e-m+fp/hard\libgcc.a(_arm_addsubdf3.o)
                0x08000280                __aeabi_drsub
                0x08000288                __aeabi_dsub
                0x08000288                __subdf3
                0x0800028c                __aeabi_dadd
                0x0800028c                __adddf3
                0x08000504                __floatunsidf
                0x08000504                __aeabi_ui2d
                0x08000524                __floatsidf
                0x08000524                __aeabi_i2d
                0x08000548                __aeabi_f2d
                0x08000548                __extendsfdf2
                0x0800058c                __floatundidf
                0x0800058c                __aeabi_ul2d
                0x0800059c                __floatdidf
                0x0800059c                __aeabi_l2d
 .text          0x080005f8      0x424 C:/Program Files/STM32CubeIDE_1.16.1/STM32CubeIDE/plugins/com.st.stm32cube.ide.mcu.externaltools.gnu-tools-for-stm32.12.3.rel1.win32_1.0.200.202406191623/tools/bin/../lib/gcc/arm-none-eabi/12.3.1/thumb/v7e-m+fp/hard\libgcc.a(_arm_muldivdf3.o)
                0x080005f8                __aeabi_dmul
                0x080005f8                __muldf3
                0x0800084c                __divdf3
                0x0800084c                __aeabi_ddiv
 .text          0x08000a1c      0x110 C:/Program Files/STM32CubeIDE_1.16.1/STM32CubeIDE/plugins/com.st.stm32cube.ide.mcu.externaltools.gnu-tools-for-stm32.12.3.rel1.win32_1.0.200.202406191623/tools/bin/../lib/gcc/arm-none-eabi/12.3.1/thumb/v7e-m+fp/hard\libgcc.a(_arm_cmpdf2.o)
                0x08000a1c                __gtdf2
                0x08000a1c                __gedf2
                0x08000a24                __ltdf2
                0x08000a24                __ledf2
                0x08000a2c                __nedf2
                0x08000a2c                __eqdf2
                0x08000a2c                __cmpdf2
                0x08000aa8                __aeabi_cdrcmple
                0x08000ab8                __aeabi_cdcmpeq
                0x08000ab8                __aeabi_cdcmple
                0x08000ac8                __aeabi_dcmpeq
                0x08000adc                __aeabi_dcmplt
                0x08000af0                __aeabi_dcmple
                0x08000b04                __aeabi_dcmpge
                0x08000b18                __aeabi_dcmpgt
 .text          0x08000b2c       0x50 C:/Program Files/STM32CubeIDE_1.16.1/STM32CubeIDE/plugins/com.st.stm32cube.ide.mcu.externaltools.gnu-tools-for-stm32.12.3.rel1.win32_1.0.200.202406191623/tools/bin/../lib/gcc/arm-none-eabi/12.3.1/thumb/v7e-m+fp/hard\libgcc.a(_arm_fixdfsi.o)
                0x08000b2c                __aeabi_d2iz
                0x08000b2c                __fixdfsi
 .text          0x08000b7c       0x40 C:/Program Files/STM32CubeIDE_1.16.1/STM32CubeIDE/plugins/com.st.stm32cube.ide.mcu.externaltools.gnu-tools-for-stm32.12.3.rel1.win32_1.0.200.202406191623/tools/bin/../lib/gcc/arm-none-eabi/12.3.1/thumb/v7e-m+fp/hard\libgcc.a(_arm_fixunsdfsi.o)
                0x08000b7c                __aeabi_d2uiz
                0x08000b7c                __fixunsdfsi
 .text          0x08000bbc       0x30 C:/Program Files/STM32CubeIDE_1.16.1/STM32CubeIDE/plugins/com.st.stm32cube.ide.mcu.externaltools.gnu-tools-for-stm32.12.3.rel1.win32_1.0.200.202406191623/tools/bin/../lib/gcc/arm-none-eabi/12.3.1/thumb/v7e-m+fp/hard\libgcc.a(_aeabi_uldivmod.o)
                0x08000bbc                __aeabi_uldivmod
 .text          0x08000bec      0x2bc C:/Program Files/STM32CubeIDE_1.16.1/STM32CubeIDE/plugins/com.st.stm32cube.ide.mcu.externaltools.gnu-tools-for-stm32.12.3.rel1.win32_1.0.200.202406191623/tools/bin/../lib/gcc/arm-none-eabi/12.3.1/thumb/v7e-m+fp/hard\libgcc.a(_udivmoddi4.o)
                0x08000bec                __udivmoddi4
 .text          0x08000ea8        0x4 C:/Program Files/STM32CubeIDE_1.16.1/STM32CubeIDE/plugins/com.st.stm32cube.ide.mcu.externaltools.gnu-tools-for-stm32.12.3.rel1.win32_1.0.200.202406191623/tools/bin/../lib/gcc/arm-none-eabi/12.3.1/thumb/v7e-m+fp/hard\libgcc.a(_dvmd_tls.o)
                0x08000ea8                __aeabi_idiv0
                0x08000ea8                __aeabi_ldiv0
 *(.text*)
 .text.ST7789_WriteCommand
                0x08000eac       0x48 ./Core/ST7789/st7789.o
 .text.ST7789_WriteData
                0x08000ef4       0x9c ./Core/ST7789/st7789.o
 .text.ST7789_WriteSmallData
                0x08000f90       0x48 ./Core/ST7789/st7789.o
 .text.ST7789_SetRotation
                0x08000fd8       0x58 ./Core/ST7789/st7789.o
                0x08000fd8                ST7789_SetRotation
 .text.ST7789_SetAddressWindow
                0x08001030       0xb8 ./Core/ST7789/st7789.o
 .text.ST7789_Init
                0x080010e8      0x14c ./Core/ST7789/st7789.o
                0x080010e8                ST7789_Init
 .text.ST7789_Fill_Color
                0x08001234       0x68 ./Core/ST7789/st7789.o
                0x08001234                ST7789_Fill_Color
 .text.ST7789_DrawPixel
                0x0800129c       0x6c ./Core/ST7789/st7789.o
                0x0800129c                ST7789_DrawPixel
 .text.ST7789_DrawLine
                0x08001308      0x118 ./Core/ST7789/st7789.o
                0x08001308                ST7789_DrawLine
 .text.ST7789_WriteChar
                0x08001420       0xfc ./Core/ST7789/st7789.o
                0x08001420                ST7789_WriteChar
 .text.ST7789_WriteString
                0x0800151c       0xa8 ./Core/ST7789/st7789.o
                0x0800151c                ST7789_WriteString
 .text.ST7789_DrawFilledCircle
                0x080015c4      0x1cc ./Core/ST7789/st7789.o
                0x080015c4                ST7789_DrawFilledCircle
 .text.MX_DAC_Init
                0x08001790       0x54 ./Core/Src/dac.o
                0x08001790                MX_DAC_Init
 .text.HAL_DAC_MspInit
                0x080017e4       0x98 ./Core/Src/dac.o
                0x080017e4                HAL_DAC_MspInit
 .text.MX_DMA_Init
                0x0800187c       0x50 ./Core/Src/dma.o
                0x0800187c                MX_DMA_Init
 .text.MX_FREERTOS_Init
                0x080018cc       0x8c ./Core/Src/freertos.o
                0x080018cc                MX_FREERTOS_Init
 .text.HAL_GPIO_EXTI_Callback
                0x08001958       0x44 ./Core/Src/freertos.o
                0x08001958                HAL_GPIO_EXTI_Callback
 .text.StartDefaultTask
                0x0800199c      0x168 ./Core/Src/freertos.o
                0x0800199c                StartDefaultTask
 .text.DacPlayTask
                0x08001b04       0x58 ./Core/Src/freertos.o
                0x08001b04                DacPlayTask
 .text.DacButtonPlay
                0x08001b5c       0x6c ./Core/Src/freertos.o
                0x08001b5c                DacButtonPlay
 .text.initScreen
                0x08001bc8      0x19c ./Core/Src/freertos.o
                0x08001bc8                initScreen
 *fill*         0x08001d64        0x4 
 .text.GenerateSineWave
                0x08001d68       0xc8 ./Core/Src/freertos.o
                0x08001d68                GenerateSineWave
 .text.GenerateSineWave2
                0x08001e30       0xcc ./Core/Src/freertos.o
                0x08001e30                GenerateSineWave2
 .text.MX_GPIO_Init
                0x08001efc      0x110 ./Core/Src/gpio.o
                0x08001efc                MX_GPIO_Init
 .text.main     0x0800200c       0x5c ./Core/Src/main.o
                0x0800200c                main
 .text.SystemClock_Config
                0x08002068       0xd0 ./Core/Src/main.o
                0x08002068                SystemClock_Config
 .text.HAL_TIM_PeriodElapsedCallback
                0x08002138       0x24 ./Core/Src/main.o
                0x08002138                HAL_TIM_PeriodElapsedCallback
 .text.Error_Handler
                0x0800215c        0xc ./Core/Src/main.o
                0x0800215c                Error_Handler
 .text.MX_SPI1_Init
                0x08002168       0x6c ./Core/Src/spi.o
                0x08002168                MX_SPI1_Init
 .text.HAL_SPI_MspInit
                0x080021d4      0x198 ./Core/Src/spi.o
                0x080021d4                HAL_SPI_MspInit
 .text.HAL_MspInit
                0x0800236c       0x58 ./Core/Src/stm32f4xx_hal_msp.o
                0x0800236c                HAL_MspInit
 .text.HAL_InitTick
                0x080023c4       0xf8 ./Core/Src/stm32f4xx_hal_timebase_tim.o
                0x080023c4                HAL_InitTick
 .text.NMI_Handler
                0x080024bc        0x8 ./Core/Src/stm32f4xx_it.o
                0x080024bc                NMI_Handler
 .text.HardFault_Handler
                0x080024c4        0x8 ./Core/Src/stm32f4xx_it.o
                0x080024c4                HardFault_Handler
 .text.MemManage_Handler
                0x080024cc        0x8 ./Core/Src/stm32f4xx_it.o
                0x080024cc                MemManage_Handler
 .text.BusFault_Handler
                0x080024d4        0x8 ./Core/Src/stm32f4xx_it.o
                0x080024d4                BusFault_Handler
 .text.UsageFault_Handler
                0x080024dc        0x8 ./Core/Src/stm32f4xx_it.o
                0x080024dc                UsageFault_Handler
 .text.DebugMon_Handler
                0x080024e4        0xe ./Core/Src/stm32f4xx_it.o
                0x080024e4                DebugMon_Handler
 .text.EXTI4_IRQHandler
                0x080024f2        0xe ./Core/Src/stm32f4xx_it.o
                0x080024f2                EXTI4_IRQHandler
 .text.TIM6_DAC_IRQHandler
                0x08002500       0x28 ./Core/Src/stm32f4xx_it.o
                0x08002500                TIM6_DAC_IRQHandler
 .text.DMA2_Stream0_IRQHandler
                0x08002528       0x14 ./Core/Src/stm32f4xx_it.o
                0x08002528                DMA2_Stream0_IRQHandler
 .text.DMA2_Stream3_IRQHandler
                0x0800253c       0x14 ./Core/Src/stm32f4xx_it.o
                0x0800253c                DMA2_Stream3_IRQHandler
 .text._sbrk    0x08002550       0x6c ./Core/Src/sysmem.o
                0x08002550                _sbrk
 .text.SystemInit
                0x080025bc       0x24 ./Core/Src/system_stm32f4xx.o
                0x080025bc                SystemInit
 .text.MX_USART2_UART_Init
                0x080025e0       0x54 ./Core/Src/usart.o
                0x080025e0                MX_USART2_UART_Init
 .text.HAL_UART_MspInit
                0x08002634       0x90 ./Core/Src/usart.o
                0x08002634                HAL_UART_MspInit
 .text.Reset_Handler
                0x080026c4       0x50 ./Core/Startup/startup_stm32f405rgtx.o
                0x080026c4                Reset_Handler
 .text.Default_Handler
                0x08002714        0x2 ./Core/Startup/startup_stm32f405rgtx.o
                0x08002714                RTC_Alarm_IRQHandler
                0x08002714                HASH_RNG_IRQHandler
                0x08002714                EXTI2_IRQHandler
                0x08002714                TIM8_CC_IRQHandler
                0x08002714                TIM1_CC_IRQHandler
                0x08002714                DMA2_Stream5_IRQHandler
                0x08002714                DMA1_Stream5_IRQHandler
                0x08002714                PVD_IRQHandler
                0x08002714                SDIO_IRQHandler
                0x08002714                TAMP_STAMP_IRQHandler
                0x08002714                CAN2_RX1_IRQHandler
                0x08002714                EXTI3_IRQHandler
                0x08002714                TIM8_TRG_COM_TIM14_IRQHandler
                0x08002714                TIM1_UP_TIM10_IRQHandler
                0x08002714                TIM8_UP_TIM13_IRQHandler
                0x08002714                I2C3_ER_IRQHandler
                0x08002714                EXTI0_IRQHandler
                0x08002714                I2C2_EV_IRQHandler
                0x08002714                DMA1_Stream2_IRQHandler
                0x08002714                CAN1_RX0_IRQHandler
                0x08002714                FPU_IRQHandler
                0x08002714                OTG_HS_WKUP_IRQHandler
                0x08002714                CAN2_SCE_IRQHandler
                0x08002714                DMA2_Stream2_IRQHandler
                0x08002714                SPI1_IRQHandler
                0x08002714                TIM1_BRK_TIM9_IRQHandler
                0x08002714                CAN2_RX0_IRQHandler
                0x08002714                USART6_IRQHandler
                0x08002714                USART3_IRQHandler
                0x08002714                CAN1_RX1_IRQHandler
                0x08002714                UART5_IRQHandler
                0x08002714                TIM4_IRQHandler
                0x08002714                I2C1_EV_IRQHandler
                0x08002714                DMA1_Stream6_IRQHandler
                0x08002714                DMA1_Stream1_IRQHandler
                0x08002714                UART4_IRQHandler
                0x08002714                TIM3_IRQHandler
                0x08002714                RCC_IRQHandler
                0x08002714                TIM8_BRK_TIM12_IRQHandler
                0x08002714                Default_Handler
                0x08002714                EXTI15_10_IRQHandler
                0x08002714                ADC_IRQHandler
                0x08002714                DMA1_Stream7_IRQHandler
                0x08002714                TIM7_IRQHandler
                0x08002714                CAN2_TX_IRQHandler
                0x08002714                TIM5_IRQHandler
                0x08002714                DMA2_Stream7_IRQHandler
                0x08002714                I2C3_EV_IRQHandler
                0x08002714                EXTI9_5_IRQHandler
                0x08002714                RTC_WKUP_IRQHandler
                0x08002714                SPI2_IRQHandler
                0x08002714                OTG_HS_EP1_IN_IRQHandler
                0x08002714                DMA1_Stream0_IRQHandler
                0x08002714                CAN1_TX_IRQHandler
                0x08002714                FSMC_IRQHandler
                0x08002714                OTG_HS_EP1_OUT_IRQHandler
                0x08002714                WWDG_IRQHandler
                0x08002714                TIM2_IRQHandler
                0x08002714                OTG_FS_WKUP_IRQHandler
                0x08002714                TIM1_TRG_COM_TIM11_IRQHandler
                0x08002714                OTG_HS_IRQHandler
                0x08002714                EXTI1_IRQHandler
                0x08002714                USART2_IRQHandler
                0x08002714                I2C2_ER_IRQHandler
                0x08002714                DMA2_Stream1_IRQHandler
                0x08002714                CAN1_SCE_IRQHandler
                0x08002714                FLASH_IRQHandler
                0x08002714                DMA2_Stream4_IRQHandler
                0x08002714                USART1_IRQHandler
                0x08002714                OTG_FS_IRQHandler
                0x08002714                SPI3_IRQHandler
                0x08002714                DMA1_Stream4_IRQHandler
                0x08002714                I2C1_ER_IRQHandler
                0x08002714                DMA2_Stream6_IRQHandler
                0x08002714                DMA1_Stream3_IRQHandler
 *fill*         0x08002716        0x2 
 .text.XPT2046_TouchSelect
                0x08002718       0x18 ./Core/XPT2046-HAL-SPI-master/XPT2046_touch.o
 .text.XPT2046_TouchUnselect
                0x08002730       0x18 ./Core/XPT2046-HAL-SPI-master/XPT2046_touch.o
 .text.XPT2046_TouchPressed
                0x08002748       0x20 ./Core/XPT2046-HAL-SPI-master/XPT2046_touch.o
                0x08002748                XPT2046_TouchPressed
 .text.XPT2046_TouchGetCoordinates
                0x08002768      0x16c ./Core/XPT2046-HAL-SPI-master/XPT2046_touch.o
                0x08002768                XPT2046_TouchGetCoordinates
 .text.HAL_Init
                0x080028d4       0x44 ./Drivers/STM32F4xx_HAL_Driver/Src/stm32f4xx_hal.o
                0x080028d4                HAL_Init
 .text.HAL_IncTick
                0x08002918       0x28 ./Drivers/STM32F4xx_HAL_Driver/Src/stm32f4xx_hal.o
                0x08002918                HAL_IncTick
 .text.HAL_GetTick
                0x08002940       0x18 ./Drivers/STM32F4xx_HAL_Driver/Src/stm32f4xx_hal.o
                0x08002940                HAL_GetTick
 .text.HAL_Delay
                0x08002958       0x48 ./Drivers/STM32F4xx_HAL_Driver/Src/stm32f4xx_hal.o
                0x08002958                HAL_Delay
 .text.__NVIC_SetPriorityGrouping
                0x080029a0       0x48 ./Drivers/STM32F4xx_HAL_Driver/Src/stm32f4xx_hal_cortex.o
 .text.__NVIC_GetPriorityGrouping
                0x080029e8       0x1c ./Drivers/STM32F4xx_HAL_Driver/Src/stm32f4xx_hal_cortex.o
 .text.__NVIC_EnableIRQ
                0x08002a04       0x3c ./Drivers/STM32F4xx_HAL_Driver/Src/stm32f4xx_hal_cortex.o
 .text.__NVIC_SetPriority
                0x08002a40       0x54 ./Drivers/STM32F4xx_HAL_Driver/Src/stm32f4xx_hal_cortex.o
 .text.NVIC_EncodePriority
                0x08002a94       0x66 ./Drivers/STM32F4xx_HAL_Driver/Src/stm32f4xx_hal_cortex.o
 .text.HAL_NVIC_SetPriorityGrouping
                0x08002afa       0x16 ./Drivers/STM32F4xx_HAL_Driver/Src/stm32f4xx_hal_cortex.o
                0x08002afa                HAL_NVIC_SetPriorityGrouping
 .text.HAL_NVIC_SetPriority
                0x08002b10       0x38 ./Drivers/STM32F4xx_HAL_Driver/Src/stm32f4xx_hal_cortex.o
                0x08002b10                HAL_NVIC_SetPriority
 .text.HAL_NVIC_EnableIRQ
                0x08002b48       0x1c ./Drivers/STM32F4xx_HAL_Driver/Src/stm32f4xx_hal_cortex.o
                0x08002b48                HAL_NVIC_EnableIRQ
 .text.HAL_DAC_Init
                0x08002b64       0x44 ./Drivers/STM32F4xx_HAL_Driver/Src/stm32f4xx_hal_dac.o
                0x08002b64                HAL_DAC_Init
 .text.HAL_DAC_Start
                0x08002ba8       0xae ./Drivers/STM32F4xx_HAL_Driver/Src/stm32f4xx_hal_dac.o
                0x08002ba8                HAL_DAC_Start
 .text.HAL_DAC_IRQHandler
                0x08002c56       0xac ./Drivers/STM32F4xx_HAL_Driver/Src/stm32f4xx_hal_dac.o
                0x08002c56                HAL_DAC_IRQHandler
 .text.HAL_DAC_SetValue
                0x08002d02       0x54 ./Drivers/STM32F4xx_HAL_Driver/Src/stm32f4xx_hal_dac.o
                0x08002d02                HAL_DAC_SetValue
 .text.HAL_DAC_DMAUnderrunCallbackCh1
                0x08002d56       0x14 ./Drivers/STM32F4xx_HAL_Driver/Src/stm32f4xx_hal_dac.o
                0x08002d56                HAL_DAC_DMAUnderrunCallbackCh1
 .text.HAL_DAC_ConfigChannel
                0x08002d6a       0xb2 ./Drivers/STM32F4xx_HAL_Driver/Src/stm32f4xx_hal_dac.o
                0x08002d6a                HAL_DAC_ConfigChannel
 .text.HAL_DACEx_DMAUnderrunCallbackCh2
                0x08002e1c       0x14 ./Drivers/STM32F4xx_HAL_Driver/Src/stm32f4xx_hal_dac_ex.o
                0x08002e1c                HAL_DACEx_DMAUnderrunCallbackCh2
 .text.HAL_DMA_Init
                0x08002e30      0x15c ./Drivers/STM32F4xx_HAL_Driver/Src/stm32f4xx_hal_dma.o
                0x08002e30                HAL_DMA_Init
 .text.HAL_DMA_Start_IT
                0x08002f8c       0xb0 ./Drivers/STM32F4xx_HAL_Driver/Src/stm32f4xx_hal_dma.o
                0x08002f8c                HAL_DMA_Start_IT
 .text.HAL_DMA_IRQHandler
                0x0800303c      0x314 ./Drivers/STM32F4xx_HAL_Driver/Src/stm32f4xx_hal_dma.o
                0x0800303c                HAL_DMA_IRQHandler
 .text.DMA_SetConfig
                0x08003350       0x5c ./Drivers/STM32F4xx_HAL_Driver/Src/stm32f4xx_hal_dma.o
 .text.DMA_CalcBaseAndBitshift
                0x080033ac       0x6c ./Drivers/STM32F4xx_HAL_Driver/Src/stm32f4xx_hal_dma.o
 .text.DMA_CheckFifoParam
                0x08003418       0xf8 ./Drivers/STM32F4xx_HAL_Driver/Src/stm32f4xx_hal_dma.o
 .text.HAL_GPIO_Init
                0x08003510      0x338 ./Drivers/STM32F4xx_HAL_Driver/Src/stm32f4xx_hal_gpio.o
                0x08003510                HAL_GPIO_Init
 .text.HAL_GPIO_ReadPin
                0x08003848       0x30 ./Drivers/STM32F4xx_HAL_Driver/Src/stm32f4xx_hal_gpio.o
                0x08003848                HAL_GPIO_ReadPin
 .text.HAL_GPIO_WritePin
                0x08003878       0x32 ./Drivers/STM32F4xx_HAL_Driver/Src/stm32f4xx_hal_gpio.o
                0x08003878                HAL_GPIO_WritePin
 *fill*         0x080038aa        0x2 
 .text.HAL_GPIO_EXTI_IRQHandler
                0x080038ac       0x30 ./Drivers/STM32F4xx_HAL_Driver/Src/stm32f4xx_hal_gpio.o
                0x080038ac                HAL_GPIO_EXTI_IRQHandler
 .text.HAL_RCC_OscConfig
                0x080038dc      0x4f0 ./Drivers/STM32F4xx_HAL_Driver/Src/stm32f4xx_hal_rcc.o
                0x080038dc                HAL_RCC_OscConfig
 .text.HAL_RCC_ClockConfig
                0x08003dcc      0x1cc ./Drivers/STM32F4xx_HAL_Driver/Src/stm32f4xx_hal_rcc.o
                0x08003dcc                HAL_RCC_ClockConfig
 .text.HAL_RCC_GetSysClockFreq
                0x08003f98      0x20c ./Drivers/STM32F4xx_HAL_Driver/Src/stm32f4xx_hal_rcc.o
                0x08003f98                HAL_RCC_GetSysClockFreq
 .text.HAL_RCC_GetHCLKFreq
                0x080041a4       0x18 ./Drivers/STM32F4xx_HAL_Driver/Src/stm32f4xx_hal_rcc.o
                0x080041a4                HAL_RCC_GetHCLKFreq
 .text.HAL_RCC_GetPCLK1Freq
                0x080041bc       0x28 ./Drivers/STM32F4xx_HAL_Driver/Src/stm32f4xx_hal_rcc.o
                0x080041bc                HAL_RCC_GetPCLK1Freq
 .text.HAL_RCC_GetPCLK2Freq
                0x080041e4       0x28 ./Drivers/STM32F4xx_HAL_Driver/Src/stm32f4xx_hal_rcc.o
                0x080041e4                HAL_RCC_GetPCLK2Freq
 .text.HAL_RCC_GetClockConfig
                0x0800420c       0x64 ./Drivers/STM32F4xx_HAL_Driver/Src/stm32f4xx_hal_rcc.o
                0x0800420c                HAL_RCC_GetClockConfig
 .text.HAL_SPI_Init
                0x08004270      0x112 ./Drivers/STM32F4xx_HAL_Driver/Src/stm32f4xx_hal_spi.o
                0x08004270                HAL_SPI_Init
 .text.HAL_SPI_Transmit
                0x08004382      0x288 ./Drivers/STM32F4xx_HAL_Driver/Src/stm32f4xx_hal_spi.o
                0x08004382                HAL_SPI_Transmit
 .text.HAL_SPI_TransmitReceive
                0x0800460a      0x352 ./Drivers/STM32F4xx_HAL_Driver/Src/stm32f4xx_hal_spi.o
                0x0800460a                HAL_SPI_TransmitReceive
 .text.HAL_SPI_Transmit_DMA
                0x0800495c      0x164 ./Drivers/STM32F4xx_HAL_Driver/Src/stm32f4xx_hal_spi.o
                0x0800495c                HAL_SPI_Transmit_DMA
 .text.HAL_SPI_TxCpltCallback
                0x08004ac0       0x14 ./Drivers/STM32F4xx_HAL_Driver/Src/stm32f4xx_hal_spi.o
                0x08004ac0                HAL_SPI_TxCpltCallback
 .text.HAL_SPI_TxHalfCpltCallback
                0x08004ad4       0x14 ./Drivers/STM32F4xx_HAL_Driver/Src/stm32f4xx_hal_spi.o
                0x08004ad4                HAL_SPI_TxHalfCpltCallback
 .text.HAL_SPI_ErrorCallback
                0x08004ae8       0x14 ./Drivers/STM32F4xx_HAL_Driver/Src/stm32f4xx_hal_spi.o
                0x08004ae8                HAL_SPI_ErrorCallback
 .text.SPI_DMATransmitCplt
                0x08004afc       0xa8 ./Drivers/STM32F4xx_HAL_Driver/Src/stm32f4xx_hal_spi.o
 .text.SPI_DMAHalfTransmitCplt
                0x08004ba4       0x1c ./Drivers/STM32F4xx_HAL_Driver/Src/stm32f4xx_hal_spi.o
 .text.SPI_DMAError
                0x08004bc0       0x40 ./Drivers/STM32F4xx_HAL_Driver/Src/stm32f4xx_hal_spi.o
 .text.SPI_WaitFlagStateUntilTimeout
                0x08004c00      0x110 ./Drivers/STM32F4xx_HAL_Driver/Src/stm32f4xx_hal_spi.o
 .text.SPI_EndRxTxTransaction
                0x08004d10       0xa8 ./Drivers/STM32F4xx_HAL_Driver/Src/stm32f4xx_hal_spi.o
 .text.HAL_TIM_Base_Init
                0x08004db8       0x9e ./Drivers/STM32F4xx_HAL_Driver/Src/stm32f4xx_hal_tim.o
                0x08004db8                HAL_TIM_Base_Init
 .text.HAL_TIM_Base_MspInit
                0x08004e56       0x14 ./Drivers/STM32F4xx_HAL_Driver/Src/stm32f4xx_hal_tim.o
                0x08004e56                HAL_TIM_Base_MspInit
 *fill*         0x08004e6a        0x2 
 .text.HAL_TIM_Base_Start_IT
                0x08004e6c       0xe0 ./Drivers/STM32F4xx_HAL_Driver/Src/stm32f4xx_hal_tim.o
                0x08004e6c                HAL_TIM_Base_Start_IT
 .text.HAL_TIM_IRQHandler
                0x08004f4c      0x1e0 ./Drivers/STM32F4xx_HAL_Driver/Src/stm32f4xx_hal_tim.o
                0x08004f4c                HAL_TIM_IRQHandler
 .text.HAL_TIM_OC_DelayElapsedCallback
                0x0800512c       0x14 ./Drivers/STM32F4xx_HAL_Driver/Src/stm32f4xx_hal_tim.o
                0x0800512c                HAL_TIM_OC_DelayElapsedCallback
 .text.HAL_TIM_IC_CaptureCallback
                0x08005140       0x14 ./Drivers/STM32F4xx_HAL_Driver/Src/stm32f4xx_hal_tim.o
                0x08005140                HAL_TIM_IC_CaptureCallback
 .text.HAL_TIM_PWM_PulseFinishedCallback
                0x08005154       0x14 ./Drivers/STM32F4xx_HAL_Driver/Src/stm32f4xx_hal_tim.o
                0x08005154                HAL_TIM_PWM_PulseFinishedCallback
 .text.HAL_TIM_TriggerCallback
                0x08005168       0x14 ./Drivers/STM32F4xx_HAL_Driver/Src/stm32f4xx_hal_tim.o
                0x08005168                HAL_TIM_TriggerCallback
 .text.TIM_Base_SetConfig
                0x0800517c      0x158 ./Drivers/STM32F4xx_HAL_Driver/Src/stm32f4xx_hal_tim.o
                0x0800517c                TIM_Base_SetConfig
 .text.HAL_TIMEx_CommutCallback
                0x080052d4       0x14 ./Drivers/STM32F4xx_HAL_Driver/Src/stm32f4xx_hal_tim_ex.o
                0x080052d4                HAL_TIMEx_CommutCallback
 .text.HAL_TIMEx_BreakCallback
                0x080052e8       0x14 ./Drivers/STM32F4xx_HAL_Driver/Src/stm32f4xx_hal_tim_ex.o
                0x080052e8                HAL_TIMEx_BreakCallback
 .text.HAL_UART_Init
                0x080052fc       0xa0 ./Drivers/STM32F4xx_HAL_Driver/Src/stm32f4xx_hal_uart.o
                0x080052fc                HAL_UART_Init
 .text.HAL_UART_Transmit
                0x0800539c      0x116 ./Drivers/STM32F4xx_HAL_Driver/Src/stm32f4xx_hal_uart.o
                0x0800539c                HAL_UART_Transmit
 .text.UART_WaitOnFlagUntilTimeout
                0x080054b2       0xb2 ./Drivers/STM32F4xx_HAL_Driver/Src/stm32f4xx_hal_uart.o
 .text.UART_EndRxTransfer
                0x08005564       0xc6 ./Drivers/STM32F4xx_HAL_Driver/Src/stm32f4xx_hal_uart.o
 *fill*         0x0800562a        0x2 
 .text.UART_SetConfig
                0x0800562c      0x4e8 ./Drivers/STM32F4xx_HAL_Driver/Src/stm32f4xx_hal_uart.o
 .text.__NVIC_SetPriority
                0x08005b14       0x54 ./Middlewares/Third_Party/FreeRTOS/Source/CMSIS_RTOS_V2/cmsis_os2.o
 .text.SysTick_Handler
                0x08005b68       0x20 ./Middlewares/Third_Party/FreeRTOS/Source/CMSIS_RTOS_V2/cmsis_os2.o
                0x08005b68                SysTick_Handler
 .text.SVC_Setup
                0x08005b88       0x12 ./Middlewares/Third_Party/FreeRTOS/Source/CMSIS_RTOS_V2/cmsis_os2.o
 *fill*         0x08005b9a        0x2 
 .text.osKernelInitialize
                0x08005b9c       0x48 ./Middlewares/Third_Party/FreeRTOS/Source/CMSIS_RTOS_V2/cmsis_os2.o
                0x08005b9c                osKernelInitialize
 .text.osKernelStart
                0x08005be4       0x4c ./Middlewares/Third_Party/FreeRTOS/Source/CMSIS_RTOS_V2/cmsis_os2.o
                0x08005be4                osKernelStart
 .text.osThreadNew
                0x08005c30      0x124 ./Middlewares/Third_Party/FreeRTOS/Source/CMSIS_RTOS_V2/cmsis_os2.o
                0x08005c30                osThreadNew
 .text.osDelay  0x08005d54       0x36 ./Middlewares/Third_Party/FreeRTOS/Source/CMSIS_RTOS_V2/cmsis_os2.o
                0x08005d54                osDelay
 .text.osSemaphoreNew
                0x08005d8a      0x112 ./Middlewares/Third_Party/FreeRTOS/Source/CMSIS_RTOS_V2/cmsis_os2.o
                0x08005d8a                osSemaphoreNew
 .text.osSemaphoreAcquire
                0x08005e9c       0xa4 ./Middlewares/Third_Party/FreeRTOS/Source/CMSIS_RTOS_V2/cmsis_os2.o
                0x08005e9c                osSemaphoreAcquire
 .text.osSemaphoreRelease
                0x08005f40       0x88 ./Middlewares/Third_Party/FreeRTOS/Source/CMSIS_RTOS_V2/cmsis_os2.o
                0x08005f40                osSemaphoreRelease
 .text.vApplicationGetIdleTaskMemory
                0x08005fc8       0x34 ./Middlewares/Third_Party/FreeRTOS/Source/CMSIS_RTOS_V2/cmsis_os2.o
                0x08005fc8                vApplicationGetIdleTaskMemory
 .text.vApplicationGetTimerTaskMemory
                0x08005ffc       0x34 ./Middlewares/Third_Party/FreeRTOS/Source/CMSIS_RTOS_V2/cmsis_os2.o
                0x08005ffc                vApplicationGetTimerTaskMemory
 .text.vListInitialise
                0x08006030       0x40 ./Middlewares/Third_Party/FreeRTOS/Source/list.o
                0x08006030                vListInitialise
 .text.vListInitialiseItem
                0x08006070       0x1a ./Middlewares/Third_Party/FreeRTOS/Source/list.o
                0x08006070                vListInitialiseItem
 .text.vListInsertEnd
                0x0800608a       0x48 ./Middlewares/Third_Party/FreeRTOS/Source/list.o
                0x0800608a                vListInsertEnd
 .text.vListInsert
                0x080060d2       0x72 ./Middlewares/Third_Party/FreeRTOS/Source/list.o
                0x080060d2                vListInsert
 .text.uxListRemove
                0x08006144       0x54 ./Middlewares/Third_Party/FreeRTOS/Source/list.o
                0x08006144                uxListRemove
 .text.xQueueGenericReset
                0x08006198       0xd4 ./Middlewares/Third_Party/FreeRTOS/Source/queue.o
                0x08006198                xQueueGenericReset
 .text.xQueueGenericCreateStatic
                0x0800626c       0xfa ./Middlewares/Third_Party/FreeRTOS/Source/queue.o
                0x0800626c                xQueueGenericCreateStatic
 .text.xQueueGenericCreate
                0x08006366       0x76 ./Middlewares/Third_Party/FreeRTOS/Source/queue.o
                0x08006366                xQueueGenericCreate
 .text.prvInitialiseNewQueue
                0x080063dc       0x46 ./Middlewares/Third_Party/FreeRTOS/Source/queue.o
 .text.xQueueCreateCountingSemaphoreStatic
                0x08006422       0x72 ./Middlewares/Third_Party/FreeRTOS/Source/queue.o
                0x08006422                xQueueCreateCountingSemaphoreStatic
 .text.xQueueCreateCountingSemaphore
                0x08006494       0x6a ./Middlewares/Third_Party/FreeRTOS/Source/queue.o
                0x08006494                xQueueCreateCountingSemaphore
 *fill*         0x080064fe        0x2 
 .text.xQueueGenericSend
                0x08006500      0x204 ./Middlewares/Third_Party/FreeRTOS/Source/queue.o
                0x08006500                xQueueGenericSend
 .text.xQueueGenericSendFromISR
                0x08006704      0x13c ./Middlewares/Third_Party/FreeRTOS/Source/queue.o
                0x08006704                xQueueGenericSendFromISR
 .text.xQueueGiveFromISR
                0x08006840      0x120 ./Middlewares/Third_Party/FreeRTOS/Source/queue.o
                0x08006840                xQueueGiveFromISR
 .text.xQueueReceive
                0x08006960      0x1c4 ./Middlewares/Third_Party/FreeRTOS/Source/queue.o
                0x08006960                xQueueReceive
 .text.xQueueSemaphoreTake
                0x08006b24      0x220 ./Middlewares/Third_Party/FreeRTOS/Source/queue.o
                0x08006b24                xQueueSemaphoreTake
 .text.xQueueReceiveFromISR
                0x08006d44      0x104 ./Middlewares/Third_Party/FreeRTOS/Source/queue.o
                0x08006d44                xQueueReceiveFromISR
 .text.vQueueDelete
                0x08006e48       0x48 ./Middlewares/Third_Party/FreeRTOS/Source/queue.o
                0x08006e48                vQueueDelete
 .text.prvGetDisinheritPriorityAfterTimeout
                0x08006e90       0x30 ./Middlewares/Third_Party/FreeRTOS/Source/queue.o
 .text.prvCopyDataToQueue
                0x08006ec0       0xd4 ./Middlewares/Third_Party/FreeRTOS/Source/queue.o
 .text.prvCopyDataFromQueue
                0x08006f94       0x4c ./Middlewares/Third_Party/FreeRTOS/Source/queue.o
 .text.prvUnlockQueue
                0x08006fe0       0xa4 ./Middlewares/Third_Party/FreeRTOS/Source/queue.o
 .text.prvIsQueueEmpty
                0x08007084       0x2c ./Middlewares/Third_Party/FreeRTOS/Source/queue.o
 .text.prvIsQueueFull
                0x080070b0       0x30 ./Middlewares/Third_Party/FreeRTOS/Source/queue.o
 .text.vQueueAddToRegistry
                0x080070e0       0x54 ./Middlewares/Third_Party/FreeRTOS/Source/queue.o
                0x080070e0                vQueueAddToRegistry
 .text.vQueueUnregisterQueue
                0x08007134       0x54 ./Middlewares/Third_Party/FreeRTOS/Source/queue.o
                0x08007134                vQueueUnregisterQueue
 .text.vQueueWaitForMessageRestricted
                0x08007188       0x68 ./Middlewares/Third_Party/FreeRTOS/Source/queue.o
                0x08007188                vQueueWaitForMessageRestricted
 .text.xTaskCreateStatic
                0x080071f0       0xc0 ./Middlewares/Third_Party/FreeRTOS/Source/tasks.o
                0x080071f0                xTaskCreateStatic
 .text.xTaskCreate
                0x080072b0       0x8a ./Middlewares/Third_Party/FreeRTOS/Source/tasks.o
                0x080072b0                xTaskCreate
 *fill*         0x0800733a        0x2 
 .text.prvInitialiseNewTask
                0x0800733c      0x150 ./Middlewares/Third_Party/FreeRTOS/Source/tasks.o
 .text.prvAddNewTaskToReadyList
                0x0800748c       0xe0 ./Middlewares/Third_Party/FreeRTOS/Source/tasks.o
 .text.vTaskDelay
                0x0800756c       0x6c ./Middlewares/Third_Party/FreeRTOS/Source/tasks.o
                0x0800756c                vTaskDelay
 .text.vTaskStartScheduler
                0x080075d8       0xe0 ./Middlewares/Third_Party/FreeRTOS/Source/tasks.o
                0x080075d8                vTaskStartScheduler
 .text.vTaskSuspendAll
                0x080076b8       0x1c ./Middlewares/Third_Party/FreeRTOS/Source/tasks.o
                0x080076b8                vTaskSuspendAll
 .text.xTaskResumeAll
                0x080076d4      0x13c ./Middlewares/Third_Party/FreeRTOS/Source/tasks.o
                0x080076d4                xTaskResumeAll
 .text.xTaskGetTickCount
                0x08007810       0x20 ./Middlewares/Third_Party/FreeRTOS/Source/tasks.o
                0x08007810                xTaskGetTickCount
 .text.xTaskIncrementTick
                0x08007830      0x174 ./Middlewares/Third_Party/FreeRTOS/Source/tasks.o
                0x08007830                xTaskIncrementTick
 .text.vTaskSwitchContext
                0x080079a4       0xcc ./Middlewares/Third_Party/FreeRTOS/Source/tasks.o
                0x080079a4                vTaskSwitchContext
 .text.vTaskPlaceOnEventList
                0x08007a70       0x4c ./Middlewares/Third_Party/FreeRTOS/Source/tasks.o
                0x08007a70                vTaskPlaceOnEventList
 .text.vTaskPlaceOnEventListRestricted
                0x08007abc       0x58 ./Middlewares/Third_Party/FreeRTOS/Source/tasks.o
                0x08007abc                vTaskPlaceOnEventListRestricted
 .text.xTaskRemoveFromEventList
                0x08007b14       0xc8 ./Middlewares/Third_Party/FreeRTOS/Source/tasks.o
                0x08007b14                xTaskRemoveFromEventList
 .text.vTaskInternalSetTimeOutState
                0x08007bdc       0x2c ./Middlewares/Third_Party/FreeRTOS/Source/tasks.o
                0x08007bdc                vTaskInternalSetTimeOutState
 .text.xTaskCheckForTimeOut
                0x08007c08       0xc8 ./Middlewares/Third_Party/FreeRTOS/Source/tasks.o
                0x08007c08                xTaskCheckForTimeOut
 .text.vTaskMissedYield
                0x08007cd0       0x18 ./Middlewares/Third_Party/FreeRTOS/Source/tasks.o
                0x08007cd0                vTaskMissedYield
 .text.prvIdleTask
                0x08007ce8       0x30 ./Middlewares/Third_Party/FreeRTOS/Source/tasks.o
 .text.prvInitialiseTaskLists
                0x08007d18       0x80 ./Middlewares/Third_Party/FreeRTOS/Source/tasks.o
 .text.prvCheckTasksWaitingTermination
                0x08007d98       0x5c ./Middlewares/Third_Party/FreeRTOS/Source/tasks.o
 .text.prvDeleteTCB
                0x08007df4       0x6a ./Middlewares/Third_Party/FreeRTOS/Source/tasks.o
 *fill*         0x08007e5e        0x2 
 .text.prvResetNextTaskUnblockTime
                0x08007e60       0x40 ./Middlewares/Third_Party/FreeRTOS/Source/tasks.o
 .text.xTaskGetSchedulerState
                0x08007ea0       0x3c ./Middlewares/Third_Party/FreeRTOS/Source/tasks.o
                0x08007ea0                xTaskGetSchedulerState
 .text.xTaskPriorityInherit
                0x08007edc       0xd0 ./Middlewares/Third_Party/FreeRTOS/Source/tasks.o
                0x08007edc                xTaskPriorityInherit
 .text.xTaskPriorityDisinherit
                0x08007fac       0xe0 ./Middlewares/Third_Party/FreeRTOS/Source/tasks.o
                0x08007fac                xTaskPriorityDisinherit
 .text.vTaskPriorityDisinheritAfterTimeout
                0x0800808c      0x108 ./Middlewares/Third_Party/FreeRTOS/Source/tasks.o
                0x0800808c                vTaskPriorityDisinheritAfterTimeout
 .text.pvTaskIncrementMutexHeldCount
                0x08008194       0x28 ./Middlewares/Third_Party/FreeRTOS/Source/tasks.o
                0x08008194                pvTaskIncrementMutexHeldCount
 .text.prvAddCurrentTaskToDelayedList
                0x080081bc       0xa8 ./Middlewares/Third_Party/FreeRTOS/Source/tasks.o
 .text.xTimerCreateTimerTask
                0x08008264       0x94 ./Middlewares/Third_Party/FreeRTOS/Source/timers.o
                0x08008264                xTimerCreateTimerTask
 .text.xTimerGenericCommand
                0x080082f8       0x9c ./Middlewares/Third_Party/FreeRTOS/Source/timers.o
                0x080082f8                xTimerGenericCommand
 .text.prvProcessExpiredTimer
                0x08008394       0x9c ./Middlewares/Third_Party/FreeRTOS/Source/timers.o
 .text.prvTimerTask
                0x08008430       0x26 ./Middlewares/Third_Party/FreeRTOS/Source/timers.o
 *fill*         0x08008456        0x2 
 .text.prvProcessTimerOrBlockTask
                0x08008458       0x9c ./Middlewares/Third_Party/FreeRTOS/Source/timers.o
 .text.prvGetNextExpireTime
                0x080084f4       0x48 ./Middlewares/Third_Party/FreeRTOS/Source/timers.o
 .text.prvSampleTimeNow
                0x0800853c       0x40 ./Middlewares/Third_Party/FreeRTOS/Source/timers.o
 .text.prvInsertTimerInActiveList
                0x0800857c       0x84 ./Middlewares/Third_Party/FreeRTOS/Source/timers.o
 .text.prvProcessReceivedCommands
                0x08008600      0x1cc ./Middlewares/Third_Party/FreeRTOS/Source/timers.o
 .text.prvSwitchTimerLists
                0x080087cc       0xcc ./Middlewares/Third_Party/FreeRTOS/Source/timers.o
 .text.prvCheckForValidListAndQueue
                0x08008898       0x80 ./Middlewares/Third_Party/FreeRTOS/Source/timers.o
 .text.pxPortInitialiseStack
                0x08008918       0x68 ./Middlewares/Third_Party/FreeRTOS/Source/portable/GCC/ARM_CM4F/port.o
                0x08008918                pxPortInitialiseStack
 .text.prvTaskExitError
                0x08008980       0x5c ./Middlewares/Third_Party/FreeRTOS/Source/portable/GCC/ARM_CM4F/port.o
 *fill*         0x080089dc        0x4 
 .text.SVC_Handler
                0x080089e0       0x28 ./Middlewares/Third_Party/FreeRTOS/Source/portable/GCC/ARM_CM4F/port.o
                0x080089e0                SVC_Handler
 .text.prvPortStartFirstTask
                0x08008a08       0x28 ./Middlewares/Third_Party/FreeRTOS/Source/portable/GCC/ARM_CM4F/port.o
 .text.xPortStartScheduler
                0x08008a30      0x148 ./Middlewares/Third_Party/FreeRTOS/Source/portable/GCC/ARM_CM4F/port.o
                0x08008a30                xPortStartScheduler
 .text.vPortEnterCritical
                0x08008b78       0x64 ./Middlewares/Third_Party/FreeRTOS/Source/portable/GCC/ARM_CM4F/port.o
                0x08008b78                vPortEnterCritical
 .text.vPortExitCritical
                0x08008bdc       0x54 ./Middlewares/Third_Party/FreeRTOS/Source/portable/GCC/ARM_CM4F/port.o
                0x08008bdc                vPortExitCritical
 .text.PendSV_Handler
                0x08008c30       0x68 ./Middlewares/Third_Party/FreeRTOS/Source/portable/GCC/ARM_CM4F/port.o
                0x08008c30                PendSV_Handler
 .text.xPortSysTickHandler
                0x08008c98       0x44 ./Middlewares/Third_Party/FreeRTOS/Source/portable/GCC/ARM_CM4F/port.o
                0x08008c98                xPortSysTickHandler
 .text.vPortSetupTimerInterrupt
                0x08008cdc       0x48 ./Middlewares/Third_Party/FreeRTOS/Source/portable/GCC/ARM_CM4F/port.o
                0x08008cdc                vPortSetupTimerInterrupt
 .text.vPortEnableVFP
                0x08008d24       0x14 ./Middlewares/Third_Party/FreeRTOS/Source/portable/GCC/ARM_CM4F/port.o
 .text.vPortValidateInterruptPriority
                0x08008d38       0x84 ./Middlewares/Third_Party/FreeRTOS/Source/portable/GCC/ARM_CM4F/port.o
                0x08008d38                vPortValidateInterruptPriority
 .text.pvPortMalloc
                0x08008dbc      0x19c ./Middlewares/Third_Party/FreeRTOS/Source/portable/MemMang/heap_4.o
                0x08008dbc                pvPortMalloc
 .text.vPortFree
                0x08008f58       0xc8 ./Middlewares/Third_Party/FreeRTOS/Source/portable/MemMang/heap_4.o
                0x08008f58                vPortFree
 .text.prvHeapInit
                0x08009020       0xc4 ./Middlewares/Third_Party/FreeRTOS/Source/portable/MemMang/heap_4.o
 .text.prvInsertBlockIntoFreeList
                0x080090e4       0xb4 ./Middlewares/Third_Party/FreeRTOS/Source/portable/MemMang/heap_4.o
 .text.snprintf
                0x08009198       0x68 C:/Program Files/STM32CubeIDE_1.16.1/STM32CubeIDE/plugins/com.st.stm32cube.ide.mcu.externaltools.gnu-tools-for-stm32.12.3.rel1.win32_1.0.200.202406191623/tools/bin/../lib/gcc/arm-none-eabi/12.3.1/../../../../arm-none-eabi/lib/thumb/v7e-m+fp/hard\libc_nano.a(libc_a-snprintf.o)
                0x08009198                sniprintf
                0x08009198                snprintf
 .text.memset   0x08009200       0x10 C:/Program Files/STM32CubeIDE_1.16.1/STM32CubeIDE/plugins/com.st.stm32cube.ide.mcu.externaltools.gnu-tools-for-stm32.12.3.rel1.win32_1.0.200.202406191623/tools/bin/../lib/gcc/arm-none-eabi/12.3.1/../../../../arm-none-eabi/lib/thumb/v7e-m+fp/hard\libc_nano.a(libc_a-memset.o)
                0x08009200                memset
 .text._reclaim_reent
                0x08009210       0xac C:/Program Files/STM32CubeIDE_1.16.1/STM32CubeIDE/plugins/com.st.stm32cube.ide.mcu.externaltools.gnu-tools-for-stm32.12.3.rel1.win32_1.0.200.202406191623/tools/bin/../lib/gcc/arm-none-eabi/12.3.1/../../../../arm-none-eabi/lib/thumb/v7e-m+fp/hard\libc_nano.a(libc_a-reent.o)
                0x08009210                _reclaim_reent
 .text.__errno  0x080092bc        0xc C:/Program Files/STM32CubeIDE_1.16.1/STM32CubeIDE/plugins/com.st.stm32cube.ide.mcu.externaltools.gnu-tools-for-stm32.12.3.rel1.win32_1.0.200.202406191623/tools/bin/../lib/gcc/arm-none-eabi/12.3.1/../../../../arm-none-eabi/lib/thumb/v7e-m+fp/hard\libc_nano.a(libc_a-errno.o)
                0x080092bc                __errno
 .text.__libc_init_array
                0x080092c8       0x48 C:/Program Files/STM32CubeIDE_1.16.1/STM32CubeIDE/plugins/com.st.stm32cube.ide.mcu.externaltools.gnu-tools-for-stm32.12.3.rel1.win32_1.0.200.202406191623/tools/bin/../lib/gcc/arm-none-eabi/12.3.1/../../../../arm-none-eabi/lib/thumb/v7e-m+fp/hard\libc_nano.a(libc_a-init.o)
                0x080092c8                __libc_init_array
 .text.__retarget_lock_acquire_recursive
                0x08009310        0x2 C:/Program Files/STM32CubeIDE_1.16.1/STM32CubeIDE/plugins/com.st.stm32cube.ide.mcu.externaltools.gnu-tools-for-stm32.12.3.rel1.win32_1.0.200.202406191623/tools/bin/../lib/gcc/arm-none-eabi/12.3.1/../../../../arm-none-eabi/lib/thumb/v7e-m+fp/hard\libc_nano.a(libc_a-lock.o)
                0x08009310                __retarget_lock_acquire_recursive
 .text.__retarget_lock_release_recursive
                0x08009312        0x2 C:/Program Files/STM32CubeIDE_1.16.1/STM32CubeIDE/plugins/com.st.stm32cube.ide.mcu.externaltools.gnu-tools-for-stm32.12.3.rel1.win32_1.0.200.202406191623/tools/bin/../lib/gcc/arm-none-eabi/12.3.1/../../../../arm-none-eabi/lib/thumb/v7e-m+fp/hard\libc_nano.a(libc_a-lock.o)
                0x08009312                __retarget_lock_release_recursive
 .text.memcpy   0x08009314       0x1c C:/Program Files/STM32CubeIDE_1.16.1/STM32CubeIDE/plugins/com.st.stm32cube.ide.mcu.externaltools.gnu-tools-for-stm32.12.3.rel1.win32_1.0.200.202406191623/tools/bin/../lib/gcc/arm-none-eabi/12.3.1/../../../../arm-none-eabi/lib/thumb/v7e-m+fp/hard\libc_nano.a(libc_a-memcpy-stub.o)
                0x08009314                memcpy
 .text._free_r  0x08009330       0x94 C:/Program Files/STM32CubeIDE_1.16.1/STM32CubeIDE/plugins/com.st.stm32cube.ide.mcu.externaltools.gnu-tools-for-stm32.12.3.rel1.win32_1.0.200.202406191623/tools/bin/../lib/gcc/arm-none-eabi/12.3.1/../../../../arm-none-eabi/lib/thumb/v7e-m+fp/hard\libc_nano.a(libc_a-freer.o)
                0x08009330                _free_r
 .text.sbrk_aligned
                0x080093c4       0x44 C:/Program Files/STM32CubeIDE_1.16.1/STM32CubeIDE/plugins/com.st.stm32cube.ide.mcu.externaltools.gnu-tools-for-stm32.12.3.rel1.win32_1.0.200.202406191623/tools/bin/../lib/gcc/arm-none-eabi/12.3.1/../../../../arm-none-eabi/lib/thumb/v7e-m+fp/hard\libc_nano.a(libc_a-mallocr.o)
 .text._malloc_r
                0x08009408      0x100 C:/Program Files/STM32CubeIDE_1.16.1/STM32CubeIDE/plugins/com.st.stm32cube.ide.mcu.externaltools.gnu-tools-for-stm32.12.3.rel1.win32_1.0.200.202406191623/tools/bin/../lib/gcc/arm-none-eabi/12.3.1/../../../../arm-none-eabi/lib/thumb/v7e-m+fp/hard\libc_nano.a(libc_a-mallocr.o)
                0x08009408                _malloc_r
 .text.__malloc_lock
                0x08009508        0xc C:/Program Files/STM32CubeIDE_1.16.1/STM32CubeIDE/plugins/com.st.stm32cube.ide.mcu.externaltools.gnu-tools-for-stm32.12.3.rel1.win32_1.0.200.202406191623/tools/bin/../lib/gcc/arm-none-eabi/12.3.1/../../../../arm-none-eabi/lib/thumb/v7e-m+fp/hard\libc_nano.a(libc_a-mlock.o)
                0x08009508                __malloc_lock
 .text.__malloc_unlock
                0x08009514        0xc C:/Program Files/STM32CubeIDE_1.16.1/STM32CubeIDE/plugins/com.st.stm32cube.ide.mcu.externaltools.gnu-tools-for-stm32.12.3.rel1.win32_1.0.200.202406191623/tools/bin/../lib/gcc/arm-none-eabi/12.3.1/../../../../arm-none-eabi/lib/thumb/v7e-m+fp/hard\libc_nano.a(libc_a-mlock.o)
                0x08009514                __malloc_unlock
 .text.__ssputs_r
                0x08009520       0xb6 C:/Program Files/STM32CubeIDE_1.16.1/STM32CubeIDE/plugins/com.st.stm32cube.ide.mcu.externaltools.gnu-tools-for-stm32.12.3.rel1.win32_1.0.200.202406191623/tools/bin/../lib/gcc/arm-none-eabi/12.3.1/../../../../arm-none-eabi/lib/thumb/v7e-m+fp/hard\libc_nano.a(libc_a-nano-svfprintf.o)
                0x08009520                __ssputs_r
 *fill*         0x080095d6        0x2 
 .text._svfprintf_r
                0x080095d8      0x1f8 C:/Program Files/STM32CubeIDE_1.16.1/STM32CubeIDE/plugins/com.st.stm32cube.ide.mcu.externaltools.gnu-tools-for-stm32.12.3.rel1.win32_1.0.200.202406191623/tools/bin/../lib/gcc/arm-none-eabi/12.3.1/../../../../arm-none-eabi/lib/thumb/v7e-m+fp/hard\libc_nano.a(libc_a-nano-svfprintf.o)
                0x080095d8                _svfiprintf_r
                0x080095d8                _svfprintf_r
 .text._printf_common
                0x080097d0       0xda C:/Program Files/STM32CubeIDE_1.16.1/STM32CubeIDE/plugins/com.st.stm32cube.ide.mcu.externaltools.gnu-tools-for-stm32.12.3.rel1.win32_1.0.200.202406191623/tools/bin/../lib/gcc/arm-none-eabi/12.3.1/../../../../arm-none-eabi/lib/thumb/v7e-m+fp/hard\libc_nano.a(libc_a-nano-vfprintf_i.o)
                0x080097d0                _printf_common
 *fill*         0x080098aa        0x2 
 .text._printf_i
                0x080098ac      0x240 C:/Program Files/STM32CubeIDE_1.16.1/STM32CubeIDE/plugins/com.st.stm32cube.ide.mcu.externaltools.gnu-tools-for-stm32.12.3.rel1.win32_1.0.200.202406191623/tools/bin/../lib/gcc/arm-none-eabi/12.3.1/../../../../arm-none-eabi/lib/thumb/v7e-m+fp/hard\libc_nano.a(libc_a-nano-vfprintf_i.o)
                0x080098ac                _printf_i
 .text.memmove  0x08009aec       0x34 C:/Program Files/STM32CubeIDE_1.16.1/STM32CubeIDE/plugins/com.st.stm32cube.ide.mcu.externaltools.gnu-tools-for-stm32.12.3.rel1.win32_1.0.200.202406191623/tools/bin/../lib/gcc/arm-none-eabi/12.3.1/../../../../arm-none-eabi/lib/thumb/v7e-m+fp/hard\libc_nano.a(libc_a-memmove.o)
                0x08009aec                memmove
 .text._sbrk_r  0x08009b20       0x20 C:/Program Files/STM32CubeIDE_1.16.1/STM32CubeIDE/plugins/com.st.stm32cube.ide.mcu.externaltools.gnu-tools-for-stm32.12.3.rel1.win32_1.0.200.202406191623/tools/bin/../lib/gcc/arm-none-eabi/12.3.1/../../../../arm-none-eabi/lib/thumb/v7e-m+fp/hard\libc_nano.a(libc_a-sbrkr.o)
                0x08009b20                _sbrk_r
 .text._realloc_r
                0x08009b40       0x5c C:/Program Files/STM32CubeIDE_1.16.1/STM32CubeIDE/plugins/com.st.stm32cube.ide.mcu.externaltools.gnu-tools-for-stm32.12.3.rel1.win32_1.0.200.202406191623/tools/bin/../lib/gcc/arm-none-eabi/12.3.1/../../../../arm-none-eabi/lib/thumb/v7e-m+fp/hard\libc_nano.a(libc_a-reallocr.o)
                0x08009b40                _realloc_r
 .text._malloc_usable_size_r
                0x08009b9c       0x10 C:/Program Files/STM32CubeIDE_1.16.1/STM32CubeIDE/plugins/com.st.stm32cube.ide.mcu.externaltools.gnu-tools-for-stm32.12.3.rel1.win32_1.0.200.202406191623/tools/bin/../lib/gcc/arm-none-eabi/12.3.1/../../../../arm-none-eabi/lib/thumb/v7e-m+fp/hard\libc_nano.a(libc_a-msizer.o)
                0x08009b9c                _malloc_usable_size_r
 *fill*         0x08009bac        0x4 
 .text.sin      0x08009bb0       0xa8 C:/Program Files/STM32CubeIDE_1.16.1/STM32CubeIDE/plugins/com.st.stm32cube.ide.mcu.externaltools.gnu-tools-for-stm32.12.3.rel1.win32_1.0.200.202406191623/tools/bin/../lib/gcc/arm-none-eabi/12.3.1/../../../../arm-none-eabi/lib/thumb/v7e-m+fp/hard\libm.a(libm_a-s_sin.o)
                0x08009bb0                sin
 .text.__kernel_cos
                0x08009c58      0x18c C:/Program Files/STM32CubeIDE_1.16.1/STM32CubeIDE/plugins/com.st.stm32cube.ide.mcu.externaltools.gnu-tools-for-stm32.12.3.rel1.win32_1.0.200.202406191623/tools/bin/../lib/gcc/arm-none-eabi/12.3.1/../../../../arm-none-eabi/lib/thumb/v7e-m+fp/hard\libm.a(libm_a-k_cos.o)
                0x08009c58                __kernel_cos
 *fill*         0x08009de4        0x4 
 .text.__kernel_sin
                0x08009de8      0x174 C:/Program Files/STM32CubeIDE_1.16.1/STM32CubeIDE/plugins/com.st.stm32cube.ide.mcu.externaltools.gnu-tools-for-stm32.12.3.rel1.win32_1.0.200.202406191623/tools/bin/../lib/gcc/arm-none-eabi/12.3.1/../../../../arm-none-eabi/lib/thumb/v7e-m+fp/hard\libm.a(libm_a-k_sin.o)
                0x08009de8                __kernel_sin
 *fill*         0x08009f5c        0x4 
 .text.__ieee754_rem_pio2
                0x08009f60      0x3f8 C:/Program Files/STM32CubeIDE_1.16.1/STM32CubeIDE/plugins/com.st.stm32cube.ide.mcu.externaltools.gnu-tools-for-stm32.12.3.rel1.win32_1.0.200.202406191623/tools/bin/../lib/gcc/arm-none-eabi/12.3.1/../../../../arm-none-eabi/lib/thumb/v7e-m+fp/hard\libm.a(libm_a-e_rem_pio2.o)
                0x08009f60                __ieee754_rem_pio2
 .text.fabs     0x0800a358       0x10 C:/Program Files/STM32CubeIDE_1.16.1/STM32CubeIDE/plugins/com.st.stm32cube.ide.mcu.externaltools.gnu-tools-for-stm32.12.3.rel1.win32_1.0.200.202406191623/tools/bin/../lib/gcc/arm-none-eabi/12.3.1/../../../../arm-none-eabi/lib/thumb/v7e-m+fp/hard\libm.a(libm_a-s_fabs.o)
                0x0800a358                fabs
 .text.__kernel_rem_pio2
                0x0800a368      0x6b0 C:/Program Files/STM32CubeIDE_1.16.1/STM32CubeIDE/plugins/com.st.stm32cube.ide.mcu.externaltools.gnu-tools-for-stm32.12.3.rel1.win32_1.0.200.202406191623/tools/bin/../lib/gcc/arm-none-eabi/12.3.1/../../../../arm-none-eabi/lib/thumb/v7e-m+fp/hard\libm.a(libm_a-k_rem_pio2.o)
                0x0800a368                __kernel_rem_pio2
 .text.scalbn   0x0800aa18       0xfc C:/Program Files/STM32CubeIDE_1.16.1/STM32CubeIDE/plugins/com.st.stm32cube.ide.mcu.externaltools.gnu-tools-for-stm32.12.3.rel1.win32_1.0.200.202406191623/tools/bin/../lib/gcc/arm-none-eabi/12.3.1/../../../../arm-none-eabi/lib/thumb/v7e-m+fp/hard\libm.a(libm_a-s_scalbn.o)
                0x0800aa18                scalbn
 *fill*         0x0800ab14        0x4 
 .text.floor    0x0800ab18       0xf8 C:/Program Files/STM32CubeIDE_1.16.1/STM32CubeIDE/plugins/com.st.stm32cube.ide.mcu.externaltools.gnu-tools-for-stm32.12.3.rel1.win32_1.0.200.202406191623/tools/bin/../lib/gcc/arm-none-eabi/12.3.1/../../../../arm-none-eabi/lib/thumb/v7e-m+fp/hard\libm.a(libm_a-s_floor.o)
                0x0800ab18                floor
 *(.glue_7)
 .glue_7        0x0800ac10        0x0 linker stubs
 *(.glue_7t)
 .glue_7t       0x0800ac10        0x0 linker stubs
 *(.eh_frame)
 .eh_frame      0x0800ac10        0x0 C:/Program Files/STM32CubeIDE_1.16.1/STM32CubeIDE/plugins/com.st.stm32cube.ide.mcu.externaltools.gnu-tools-for-stm32.12.3.rel1.win32_1.0.200.202406191623/tools/bin/../lib/gcc/arm-none-eabi/12.3.1/thumb/v7e-m+fp/hard/crtbegin.o
 *(.init)
 .init          0x0800ac10        0x4 C:/Program Files/STM32CubeIDE_1.16.1/STM32CubeIDE/plugins/com.st.stm32cube.ide.mcu.externaltools.gnu-tools-for-stm32.12.3.rel1.win32_1.0.200.202406191623/tools/bin/../lib/gcc/arm-none-eabi/12.3.1/thumb/v7e-m+fp/hard/crti.o
                0x0800ac10                _init
 .init          0x0800ac14        0x8 C:/Program Files/STM32CubeIDE_1.16.1/STM32CubeIDE/plugins/com.st.stm32cube.ide.mcu.externaltools.gnu-tools-for-stm32.12.3.rel1.win32_1.0.200.202406191623/tools/bin/../lib/gcc/arm-none-eabi/12.3.1/thumb/v7e-m+fp/hard/crtn.o
 *(.fini)
 .fini          0x0800ac1c        0x4 C:/Program Files/STM32CubeIDE_1.16.1/STM32CubeIDE/plugins/com.st.stm32cube.ide.mcu.externaltools.gnu-tools-for-stm32.12.3.rel1.win32_1.0.200.202406191623/tools/bin/../lib/gcc/arm-none-eabi/12.3.1/thumb/v7e-m+fp/hard/crti.o
                0x0800ac1c                _fini
 .fini          0x0800ac20        0x8 C:/Program Files/STM32CubeIDE_1.16.1/STM32CubeIDE/plugins/com.st.stm32cube.ide.mcu.externaltools.gnu-tools-for-stm32.12.3.rel1.win32_1.0.200.202406191623/tools/bin/../lib/gcc/arm-none-eabi/12.3.1/thumb/v7e-m+fp/hard/crtn.o
                0x0800ac28                        . = ALIGN (0x4)
                0x0800ac28                        _etext = .

.vfp11_veneer   0x0800ac28        0x0
 .vfp11_veneer  0x0800ac28        0x0 linker stubs

.v4_bx          0x0800ac28        0x0
 .v4_bx         0x0800ac28        0x0 linker stubs

.iplt           0x0800ac28        0x0
 .iplt          0x0800ac28        0x0 C:/Program Files/STM32CubeIDE_1.16.1/STM32CubeIDE/plugins/com.st.stm32cube.ide.mcu.externaltools.gnu-tools-for-stm32.12.3.rel1.win32_1.0.200.202406191623/tools/bin/../lib/gcc/arm-none-eabi/12.3.1/thumb/v7e-m+fp/hard/crtbegin.o

.rodata         0x0800ac28     0x24d8
                0x0800ac28                        . = ALIGN (0x4)
 *(.rodata)
 .rodata        0x0800ac28       0x97 ./Core/ST7789/st7789.o
 *fill*         0x0800acbf        0x1 
 .rodata        0x0800acc0       0xb8 ./Core/Src/freertos.o
 .rodata        0x0800ad78        0x5 ./Middlewares/Third_Party/FreeRTOS/Source/tasks.o
 *fill*         0x0800ad7d        0x3 
 .rodata        0x0800ad80        0xd ./Middlewares/Third_Party/FreeRTOS/Source/timers.o
 *(.rodata*)
 *fill*         0x0800ad8d        0x3 
 .rodata.Font11x18
                0x0800ad90      0xd5c ./Core/ST7789/fonts.o
 .rodata.Font16x26
                0x0800baec     0x134c ./Core/ST7789/fonts.o
 .rodata.TouchPin_attributes
                0x0800ce38       0x24 ./Core/Src/freertos.o
                0x0800ce38                TouchPin_attributes
 .rodata.dac_play_attributes
                0x0800ce5c       0x24 ./Core/Src/freertos.o
                0x0800ce5c                dac_play_attributes
 .rodata.dac_button_attributes
                0x0800ce80       0x24 ./Core/Src/freertos.o
                0x0800ce80                dac_button_attributes
 .rodata.buttonSemaphore_attributes
                0x0800cea4       0x10 ./Core/Src/freertos.o
                0x0800cea4                buttonSemaphore_attributes
 .rodata.dac_attributes
                0x0800ceb4       0x10 ./Core/Src/freertos.o
                0x0800ceb4                dac_attributes
 .rodata.AHBPrescTable
                0x0800cec4       0x10 ./Core/Src/system_stm32f4xx.o
                0x0800cec4                AHBPrescTable
 .rodata.APBPrescTable
                0x0800ced4        0x8 ./Core/Src/system_stm32f4xx.o
                0x0800ced4                APBPrescTable
 .rodata.cmd_read_y.2
                0x0800cedc        0x1 ./Core/XPT2046-HAL-SPI-master/XPT2046_touch.o
 *fill*         0x0800cedd        0x3 
 .rodata.zeroes_tx.1
                0x0800cee0        0x2 ./Core/XPT2046-HAL-SPI-master/XPT2046_touch.o
 *fill*         0x0800cee2        0x2 
 .rodata.cmd_read_x.0
                0x0800cee4        0x1 ./Core/XPT2046-HAL-SPI-master/XPT2046_touch.o
 *fill*         0x0800cee5        0x3 
 .rodata.flagBitshiftOffset.0
                0x0800cee8        0x8 ./Drivers/STM32F4xx_HAL_Driver/Src/stm32f4xx_hal_dma.o
 .rodata._svfprintf_r.str1.1
                0x0800cef0       0x11 C:/Program Files/STM32CubeIDE_1.16.1/STM32CubeIDE/plugins/com.st.stm32cube.ide.mcu.externaltools.gnu-tools-for-stm32.12.3.rel1.win32_1.0.200.202406191623/tools/bin/../lib/gcc/arm-none-eabi/12.3.1/../../../../arm-none-eabi/lib/thumb/v7e-m+fp/hard\libc_nano.a(libc_a-nano-svfprintf.o)
 .rodata._printf_i.str1.1
                0x0800cf01       0x22 C:/Program Files/STM32CubeIDE_1.16.1/STM32CubeIDE/plugins/com.st.stm32cube.ide.mcu.externaltools.gnu-tools-for-stm32.12.3.rel1.win32_1.0.200.202406191623/tools/bin/../lib/gcc/arm-none-eabi/12.3.1/../../../../arm-none-eabi/lib/thumb/v7e-m+fp/hard\libc_nano.a(libc_a-nano-vfprintf_i.o)
 *fill*         0x0800cf23        0x1 
 .rodata.npio2_hw
                0x0800cf24       0x80 C:/Program Files/STM32CubeIDE_1.16.1/STM32CubeIDE/plugins/com.st.stm32cube.ide.mcu.externaltools.gnu-tools-for-stm32.12.3.rel1.win32_1.0.200.202406191623/tools/bin/../lib/gcc/arm-none-eabi/12.3.1/../../../../arm-none-eabi/lib/thumb/v7e-m+fp/hard\libm.a(libm_a-e_rem_pio2.o)
 .rodata.two_over_pi
                0x0800cfa4      0x108 C:/Program Files/STM32CubeIDE_1.16.1/STM32CubeIDE/plugins/com.st.stm32cube.ide.mcu.externaltools.gnu-tools-for-stm32.12.3.rel1.win32_1.0.200.202406191623/tools/bin/../lib/gcc/arm-none-eabi/12.3.1/../../../../arm-none-eabi/lib/thumb/v7e-m+fp/hard\libm.a(libm_a-e_rem_pio2.o)
 *fill*         0x0800d0ac        0x4 
 .rodata.PIo2   0x0800d0b0       0x40 C:/Program Files/STM32CubeIDE_1.16.1/STM32CubeIDE/plugins/com.st.stm32cube.ide.mcu.externaltools.gnu-tools-for-stm32.12.3.rel1.win32_1.0.200.202406191623/tools/bin/../lib/gcc/arm-none-eabi/12.3.1/../../../../arm-none-eabi/lib/thumb/v7e-m+fp/hard\libm.a(libm_a-k_rem_pio2.o)
 .rodata.init_jk
                0x0800d0f0       0x10 C:/Program Files/STM32CubeIDE_1.16.1/STM32CubeIDE/plugins/com.st.stm32cube.ide.mcu.externaltools.gnu-tools-for-stm32.12.3.rel1.win32_1.0.200.202406191623/tools/bin/../lib/gcc/arm-none-eabi/12.3.1/../../../../arm-none-eabi/lib/thumb/v7e-m+fp/hard\libm.a(libm_a-k_rem_pio2.o)
                0x0800d100                        . = ALIGN (0x4)

.ARM.extab      0x0800d100        0x0
                0x0800d100                        . = ALIGN (0x4)
 *(.ARM.extab* .gnu.linkonce.armextab.*)
                0x0800d100                        . = ALIGN (0x4)

.ARM            0x0800d100        0x8
                0x0800d100                        . = ALIGN (0x4)
                0x0800d100                        __exidx_start = .
 *(.ARM.exidx*)
 .ARM.exidx     0x0800d100        0x8 C:/Program Files/STM32CubeIDE_1.16.1/STM32CubeIDE/plugins/com.st.stm32cube.ide.mcu.externaltools.gnu-tools-for-stm32.12.3.rel1.win32_1.0.200.202406191623/tools/bin/../lib/gcc/arm-none-eabi/12.3.1/../../../../arm-none-eabi/lib/thumb/v7e-m+fp/hard\libc_nano.a(libc_a-strlen.o)
 .ARM.exidx     0x0800d108        0x0 C:/Program Files/STM32CubeIDE_1.16.1/STM32CubeIDE/plugins/com.st.stm32cube.ide.mcu.externaltools.gnu-tools-for-stm32.12.3.rel1.win32_1.0.200.202406191623/tools/bin/../lib/gcc/arm-none-eabi/12.3.1/../../../../arm-none-eabi/lib/thumb/v7e-m+fp/hard\libc_nano.a(libc_a-memchr.o)
                                  0x8 (size before relaxing)
 .ARM.exidx     0x0800d108        0x0 C:/Program Files/STM32CubeIDE_1.16.1/STM32CubeIDE/plugins/com.st.stm32cube.ide.mcu.externaltools.gnu-tools-for-stm32.12.3.rel1.win32_1.0.200.202406191623/tools/bin/../lib/gcc/arm-none-eabi/12.3.1/thumb/v7e-m+fp/hard\libgcc.a(_udivmoddi4.o)
                                  0x8 (size before relaxing)
                0x0800d108                        __exidx_end = .
                0x0800d108                        . = ALIGN (0x4)

.preinit_array  0x0800d108        0x0
                0x0800d108                        . = ALIGN (0x4)
                0x0800d108                        PROVIDE (__preinit_array_start = .)
 *(.preinit_array*)
                0x0800d108                        PROVIDE (__preinit_array_end = .)
                0x0800d108                        . = ALIGN (0x4)

.init_array     0x0800d108        0x4
                0x0800d108                        . = ALIGN (0x4)
                0x0800d108                        PROVIDE (__init_array_start = .)
 *(SORT_BY_NAME(.init_array.*))
 *(.init_array*)
 .init_array    0x0800d108        0x4 C:/Program Files/STM32CubeIDE_1.16.1/STM32CubeIDE/plugins/com.st.stm32cube.ide.mcu.externaltools.gnu-tools-for-stm32.12.3.rel1.win32_1.0.200.202406191623/tools/bin/../lib/gcc/arm-none-eabi/12.3.1/thumb/v7e-m+fp/hard/crtbegin.o
                0x0800d10c                        PROVIDE (__init_array_end = .)
                0x0800d10c                        . = ALIGN (0x4)

.fini_array     0x0800d10c        0x4
                0x0800d10c                        . = ALIGN (0x4)
                [!provide]                        PROVIDE (__fini_array_start = .)
 *(SORT_BY_NAME(.fini_array.*))
 *(.fini_array*)
 .fini_array    0x0800d10c        0x4 C:/Program Files/STM32CubeIDE_1.16.1/STM32CubeIDE/plugins/com.st.stm32cube.ide.mcu.externaltools.gnu-tools-for-stm32.12.3.rel1.win32_1.0.200.202406191623/tools/bin/../lib/gcc/arm-none-eabi/12.3.1/thumb/v7e-m+fp/hard/crtbegin.o
                [!provide]                        PROVIDE (__fini_array_end = .)
                0x0800d110                        . = ALIGN (0x4)
                0x0800d110                        _sidata = LOADADDR (.data)

.rel.dyn        0x0800d110        0x0
 .rel.iplt      0x0800d110        0x0 C:/Program Files/STM32CubeIDE_1.16.1/STM32CubeIDE/plugins/com.st.stm32cube.ide.mcu.externaltools.gnu-tools-for-stm32.12.3.rel1.win32_1.0.200.202406191623/tools/bin/../lib/gcc/arm-none-eabi/12.3.1/thumb/v7e-m+fp/hard/crtbegin.o

.data           0x20000000       0x74 load address 0x0800d110
                0x20000000                        . = ALIGN (0x4)
                0x20000000                        _sdata = .
 *(.data)
 *(.data*)
 .data.Font_11x18
                0x20000000        0x8 ./Core/ST7789/fonts.o
                0x20000000                Font_11x18
 .data.Font_16x26
                0x20000008        0x8 ./Core/ST7789/fonts.o
                0x20000008                Font_16x26
 .data.DMA_MIN_SIZE
                0x20000010        0x2 ./Core/ST7789/st7789.o
                0x20000010                DMA_MIN_SIZE
 *fill*         0x20000012        0x2 
 .data.SystemCoreClock
                0x20000014        0x4 ./Core/Src/system_stm32f4xx.o
                0x20000014                SystemCoreClock
 .data.uwTickPrio
                0x20000018        0x4 ./Drivers/STM32F4xx_HAL_Driver/Src/stm32f4xx_hal.o
                0x20000018                uwTickPrio
 .data.uwTickFreq
                0x2000001c        0x1 ./Drivers/STM32F4xx_HAL_Driver/Src/stm32f4xx_hal.o
                0x2000001c                uwTickFreq
 *fill*         0x2000001d        0x3 
 .data.uxCriticalNesting
                0x20000020        0x4 ./Middlewares/Third_Party/FreeRTOS/Source/portable/GCC/ARM_CM4F/port.o
 .data._impure_ptr
                0x20000024        0x4 C:/Program Files/STM32CubeIDE_1.16.1/STM32CubeIDE/plugins/com.st.stm32cube.ide.mcu.externaltools.gnu-tools-for-stm32.12.3.rel1.win32_1.0.200.202406191623/tools/bin/../lib/gcc/arm-none-eabi/12.3.1/../../../../arm-none-eabi/lib/thumb/v7e-m+fp/hard\libc_nano.a(libc_a-impure.o)
                0x20000024                _impure_ptr
 .data._impure_data
                0x20000028       0x4c C:/Program Files/STM32CubeIDE_1.16.1/STM32CubeIDE/plugins/com.st.stm32cube.ide.mcu.externaltools.gnu-tools-for-stm32.12.3.rel1.win32_1.0.200.202406191623/tools/bin/../lib/gcc/arm-none-eabi/12.3.1/../../../../arm-none-eabi/lib/thumb/v7e-m+fp/hard\libc_nano.a(libc_a-impure.o)
                0x20000028                _impure_data
 *(.RamFunc)
 *(.RamFunc*)
                0x20000074                        . = ALIGN (0x4)
                0x20000074                        _edata = .
                0x0800d184                        _siccmram = LOADADDR (.ccmram)

.igot.plt       0x20000074        0x0 load address 0x0800d184
 .igot.plt      0x20000074        0x0 C:/Program Files/STM32CubeIDE_1.16.1/STM32CubeIDE/plugins/com.st.stm32cube.ide.mcu.externaltools.gnu-tools-for-stm32.12.3.rel1.win32_1.0.200.202406191623/tools/bin/../lib/gcc/arm-none-eabi/12.3.1/thumb/v7e-m+fp/hard/crtbegin.o

.ccmram         0x10000000        0x0 load address 0x0800d184
                0x10000000                        . = ALIGN (0x4)
                0x10000000                        _sccmram = .
 *(.ccmram)
 *(.ccmram*)
                0x10000000                        . = ALIGN (0x4)
                0x10000000                        _eccmram = .
                0x10000000                        . = ALIGN (0x4)

.bss            0x20000074     0x5690
                0x20000074                        _sbss = .
                0x20000074                        __bss_start__ = _sbss
 *(.bss)
 .bss           0x20000074       0x1c C:/Program Files/STM32CubeIDE_1.16.1/STM32CubeIDE/plugins/com.st.stm32cube.ide.mcu.externaltools.gnu-tools-for-stm32.12.3.rel1.win32_1.0.200.202406191623/tools/bin/../lib/gcc/arm-none-eabi/12.3.1/thumb/v7e-m+fp/hard/crtbegin.o
 *(.bss*)
 .bss.disp_buf  0x20000090      0x960 ./Core/ST7789/st7789.o
                0x20000090                disp_buf
 .bss.hdac      0x200009f0       0x14 ./Core/Src/dac.o
                0x200009f0                hdac
 .bss.sine_wave_play
                0x20000a04        0x4 ./Core/Src/freertos.o
                0x20000a04                sine_wave_play
 .bss.sine_wave
                0x20000a08        0x4 ./Core/Src/freertos.o
                0x20000a08                sine_wave
 .bss.sampleIndex
                0x20000a0c        0x4 ./Core/Src/freertos.o
                0x20000a0c                sampleIndex
 .bss.TouchPinHandle
                0x20000a10        0x4 ./Core/Src/freertos.o
                0x20000a10                TouchPinHandle
 .bss.dac_playHandle
                0x20000a14        0x4 ./Core/Src/freertos.o
                0x20000a14                dac_playHandle
 .bss.dac_buttonHandle
                0x20000a18        0x4 ./Core/Src/freertos.o
                0x20000a18                dac_buttonHandle
 .bss.buttonSemaphoreHandle
                0x20000a1c        0x4 ./Core/Src/freertos.o
                0x20000a1c                buttonSemaphoreHandle
 .bss.dacHandle
                0x20000a20        0x4 ./Core/Src/freertos.o
                0x20000a20                dacHandle
 .bss.hspi1     0x20000a24       0x58 ./Core/Src/spi.o
                0x20000a24                hspi1
 .bss.hdma_spi1_rx
                0x20000a7c       0x60 ./Core/Src/spi.o
                0x20000a7c                hdma_spi1_rx
 .bss.hdma_spi1_tx
                0x20000adc       0x60 ./Core/Src/spi.o
                0x20000adc                hdma_spi1_tx
 .bss.htim6     0x20000b3c       0x48 ./Core/Src/stm32f4xx_hal_timebase_tim.o
                0x20000b3c                htim6
 .bss.__sbrk_heap_end
                0x20000b84        0x4 ./Core/Src/sysmem.o
 .bss.huart2    0x20000b88       0x48 ./Core/Src/usart.o
                0x20000b88                huart2
 .bss.uwTick    0x20000bd0        0x4 ./Drivers/STM32F4xx_HAL_Driver/Src/stm32f4xx_hal.o
                0x20000bd0                uwTick
 .bss.KernelState
                0x20000bd4        0x4 ./Middlewares/Third_Party/FreeRTOS/Source/CMSIS_RTOS_V2/cmsis_os2.o
 .bss.Idle_TCB.3
                0x20000bd8       0xa8 ./Middlewares/Third_Party/FreeRTOS/Source/CMSIS_RTOS_V2/cmsis_os2.o
 .bss.Idle_Stack.2
                0x20000c80      0x200 ./Middlewares/Third_Party/FreeRTOS/Source/CMSIS_RTOS_V2/cmsis_os2.o
 .bss.Timer_TCB.1
                0x20000e80       0xa8 ./Middlewares/Third_Party/FreeRTOS/Source/CMSIS_RTOS_V2/cmsis_os2.o
 .bss.Timer_Stack.0
                0x20000f28      0x400 ./Middlewares/Third_Party/FreeRTOS/Source/CMSIS_RTOS_V2/cmsis_os2.o
 .bss.xQueueRegistry
                0x20001328       0x40 ./Middlewares/Third_Party/FreeRTOS/Source/queue.o
                0x20001328                xQueueRegistry
 .bss.pxCurrentTCB
                0x20001368        0x4 ./Middlewares/Third_Party/FreeRTOS/Source/tasks.o
                0x20001368                pxCurrentTCB
 .bss.pxReadyTasksLists
                0x2000136c      0x460 ./Middlewares/Third_Party/FreeRTOS/Source/tasks.o
 .bss.xDelayedTaskList1
                0x200017cc       0x14 ./Middlewares/Third_Party/FreeRTOS/Source/tasks.o
 .bss.xDelayedTaskList2
                0x200017e0       0x14 ./Middlewares/Third_Party/FreeRTOS/Source/tasks.o
 .bss.pxDelayedTaskList
                0x200017f4        0x4 ./Middlewares/Third_Party/FreeRTOS/Source/tasks.o
 .bss.pxOverflowDelayedTaskList
                0x200017f8        0x4 ./Middlewares/Third_Party/FreeRTOS/Source/tasks.o
 .bss.xPendingReadyList
                0x200017fc       0x14 ./Middlewares/Third_Party/FreeRTOS/Source/tasks.o
 .bss.xTasksWaitingTermination
                0x20001810       0x14 ./Middlewares/Third_Party/FreeRTOS/Source/tasks.o
 .bss.uxDeletedTasksWaitingCleanUp
                0x20001824        0x4 ./Middlewares/Third_Party/FreeRTOS/Source/tasks.o
 .bss.xSuspendedTaskList
                0x20001828       0x14 ./Middlewares/Third_Party/FreeRTOS/Source/tasks.o
 .bss.uxCurrentNumberOfTasks
                0x2000183c        0x4 ./Middlewares/Third_Party/FreeRTOS/Source/tasks.o
 .bss.xTickCount
                0x20001840        0x4 ./Middlewares/Third_Party/FreeRTOS/Source/tasks.o
 .bss.uxTopReadyPriority
                0x20001844        0x4 ./Middlewares/Third_Party/FreeRTOS/Source/tasks.o
 .bss.xSchedulerRunning
                0x20001848        0x4 ./Middlewares/Third_Party/FreeRTOS/Source/tasks.o
 .bss.xPendedTicks
                0x2000184c        0x4 ./Middlewares/Third_Party/FreeRTOS/Source/tasks.o
 .bss.xYieldPending
                0x20001850        0x4 ./Middlewares/Third_Party/FreeRTOS/Source/tasks.o
 .bss.xNumOfOverflows
                0x20001854        0x4 ./Middlewares/Third_Party/FreeRTOS/Source/tasks.o
 .bss.uxTaskNumber
                0x20001858        0x4 ./Middlewares/Third_Party/FreeRTOS/Source/tasks.o
 .bss.xNextTaskUnblockTime
                0x2000185c        0x4 ./Middlewares/Third_Party/FreeRTOS/Source/tasks.o
 .bss.xIdleTaskHandle
                0x20001860        0x4 ./Middlewares/Third_Party/FreeRTOS/Source/tasks.o
 .bss.uxSchedulerSuspended
                0x20001864        0x4 ./Middlewares/Third_Party/FreeRTOS/Source/tasks.o
 .bss.xActiveTimerList1
                0x20001868       0x14 ./Middlewares/Third_Party/FreeRTOS/Source/timers.o
 .bss.xActiveTimerList2
                0x2000187c       0x14 ./Middlewares/Third_Party/FreeRTOS/Source/timers.o
 .bss.pxCurrentTimerList
                0x20001890        0x4 ./Middlewares/Third_Party/FreeRTOS/Source/timers.o
 .bss.pxOverflowTimerList
                0x20001894        0x4 ./Middlewares/Third_Party/FreeRTOS/Source/timers.o
 .bss.xTimerQueue
                0x20001898        0x4 ./Middlewares/Third_Party/FreeRTOS/Source/timers.o
 .bss.xTimerTaskHandle
                0x2000189c        0x4 ./Middlewares/Third_Party/FreeRTOS/Source/timers.o
 .bss.xLastTime.2
                0x200018a0        0x4 ./Middlewares/Third_Party/FreeRTOS/Source/timers.o
 .bss.ucStaticTimerQueueStorage.1
                0x200018a4       0xa0 ./Middlewares/Third_Party/FreeRTOS/Source/timers.o
 .bss.xStaticTimerQueue.0
                0x20001944       0x50 ./Middlewares/Third_Party/FreeRTOS/Source/timers.o
 .bss.ucMaxSysCallPriority
                0x20001994        0x1 ./Middlewares/Third_Party/FreeRTOS/Source/portable/GCC/ARM_CM4F/port.o
 *fill*         0x20001995        0x3 
 .bss.ulMaxPRIGROUPValue
                0x20001998        0x4 ./Middlewares/Third_Party/FreeRTOS/Source/portable/GCC/ARM_CM4F/port.o
 .bss.ucHeap    0x2000199c     0x3c00 ./Middlewares/Third_Party/FreeRTOS/Source/portable/MemMang/heap_4.o
 .bss.xStart    0x2000559c        0x8 ./Middlewares/Third_Party/FreeRTOS/Source/portable/MemMang/heap_4.o
 .bss.pxEnd     0x200055a4        0x4 ./Middlewares/Third_Party/FreeRTOS/Source/portable/MemMang/heap_4.o
 .bss.xFreeBytesRemaining
                0x200055a8        0x4 ./Middlewares/Third_Party/FreeRTOS/Source/portable/MemMang/heap_4.o
 .bss.xMinimumEverFreeBytesRemaining
                0x200055ac        0x4 ./Middlewares/Third_Party/FreeRTOS/Source/portable/MemMang/heap_4.o
 .bss.xNumberOfSuccessfulAllocations
                0x200055b0        0x4 ./Middlewares/Third_Party/FreeRTOS/Source/portable/MemMang/heap_4.o
 .bss.xNumberOfSuccessfulFrees
                0x200055b4        0x4 ./Middlewares/Third_Party/FreeRTOS/Source/portable/MemMang/heap_4.o
 .bss.xBlockAllocatedBit
                0x200055b8        0x4 ./Middlewares/Third_Party/FreeRTOS/Source/portable/MemMang/heap_4.o
 .bss.__sf      0x200055bc      0x138 C:/Program Files/STM32CubeIDE_1.16.1/STM32CubeIDE/plugins/com.st.stm32cube.ide.mcu.externaltools.gnu-tools-for-stm32.12.3.rel1.win32_1.0.200.202406191623/tools/bin/../lib/gcc/arm-none-eabi/12.3.1/../../../../arm-none-eabi/lib/thumb/v7e-m+fp/hard\libc_nano.a(libc_a-findfp.o)
                0x200055bc                __sf
 .bss.errno     0x200056f4        0x4 C:/Program Files/STM32CubeIDE_1.16.1/STM32CubeIDE/plugins/com.st.stm32cube.ide.mcu.externaltools.gnu-tools-for-stm32.12.3.rel1.win32_1.0.200.202406191623/tools/bin/../lib/gcc/arm-none-eabi/12.3.1/../../../../arm-none-eabi/lib/thumb/v7e-m+fp/hard\libc_nano.a(libc_a-reent.o)
                0x200056f4                errno
 .bss.__lock___malloc_recursive_mutex
                0x200056f8        0x1 C:/Program Files/STM32CubeIDE_1.16.1/STM32CubeIDE/plugins/com.st.stm32cube.ide.mcu.externaltools.gnu-tools-for-stm32.12.3.rel1.win32_1.0.200.202406191623/tools/bin/../lib/gcc/arm-none-eabi/12.3.1/../../../../arm-none-eabi/lib/thumb/v7e-m+fp/hard\libc_nano.a(libc_a-lock.o)
                0x200056f8                __lock___malloc_recursive_mutex
 *fill*         0x200056f9        0x3 
 .bss.__malloc_sbrk_start
                0x200056fc        0x4 C:/Program Files/STM32CubeIDE_1.16.1/STM32CubeIDE/plugins/com.st.stm32cube.ide.mcu.externaltools.gnu-tools-for-stm32.12.3.rel1.win32_1.0.200.202406191623/tools/bin/../lib/gcc/arm-none-eabi/12.3.1/../../../../arm-none-eabi/lib/thumb/v7e-m+fp/hard\libc_nano.a(libc_a-mallocr.o)
                0x200056fc                __malloc_sbrk_start
 .bss.__malloc_free_list
                0x20005700        0x4 C:/Program Files/STM32CubeIDE_1.16.1/STM32CubeIDE/plugins/com.st.stm32cube.ide.mcu.externaltools.gnu-tools-for-stm32.12.3.rel1.win32_1.0.200.202406191623/tools/bin/../lib/gcc/arm-none-eabi/12.3.1/../../../../arm-none-eabi/lib/thumb/v7e-m+fp/hard\libc_nano.a(libc_a-mallocr.o)
                0x20005700                __malloc_free_list
 *(COMMON)
                0x20005704                        . = ALIGN (0x4)
                0x20005704                        _ebss = .
                0x20005704                        __bss_end__ = _ebss

._user_heap_stack
                0x20005704     0x6004
                0x20005708                        . = ALIGN (0x8)
 *fill*         0x20005704        0x4 
                [!provide]                        PROVIDE (end = .)
                0x20005708                        PROVIDE (_end = .)
                0x20007708                        . = (. + _Min_Heap_Size)
 *fill*         0x20005708     0x2000 
                0x2000b708                        . = (. + _Min_Stack_Size)
 *fill*         0x20007708     0x4000 
                0x2000b708                        . = ALIGN (0x8)

/DISCARD/
 libc.a(*)
 libm.a(*)
 libgcc.a(*)

.ARM.attributes
                0x00000000       0x30
 *(.ARM.attributes)
 .ARM.attributes
                0x00000000       0x22 C:/Program Files/STM32CubeIDE_1.16.1/STM32CubeIDE/plugins/com.st.stm32cube.ide.mcu.externaltools.gnu-tools-for-stm32.12.3.rel1.win32_1.0.200.202406191623/tools/bin/../lib/gcc/arm-none-eabi/12.3.1/thumb/v7e-m+fp/hard/crti.o
 .ARM.attributes
                0x00000022       0x34 C:/Program Files/STM32CubeIDE_1.16.1/STM32CubeIDE/plugins/com.st.stm32cube.ide.mcu.externaltools.gnu-tools-for-stm32.12.3.rel1.win32_1.0.200.202406191623/tools/bin/../lib/gcc/arm-none-eabi/12.3.1/thumb/v7e-m+fp/hard/crtbegin.o
 .ARM.attributes
                0x00000056       0x34 ./Core/ST7789/fonts.o
 .ARM.attributes
                0x0000008a       0x34 ./Core/ST7789/st7789.o
 .ARM.attributes
                0x000000be       0x34 ./Core/Src/dac.o
 .ARM.attributes
                0x000000f2       0x34 ./Core/Src/dma.o
 .ARM.attributes
                0x00000126       0x34 ./Core/Src/freertos.o
 .ARM.attributes
                0x0000015a       0x34 ./Core/Src/gpio.o
 .ARM.attributes
                0x0000018e       0x34 ./Core/Src/main.o
 .ARM.attributes
                0x000001c2       0x34 ./Core/Src/spi.o
 .ARM.attributes
                0x000001f6       0x34 ./Core/Src/stm32f4xx_hal_msp.o
 .ARM.attributes
                0x0000022a       0x34 ./Core/Src/stm32f4xx_hal_timebase_tim.o
 .ARM.attributes
                0x0000025e       0x34 ./Core/Src/stm32f4xx_it.o
 .ARM.attributes
                0x00000292       0x34 ./Core/Src/sysmem.o
 .ARM.attributes
                0x000002c6       0x34 ./Core/Src/system_stm32f4xx.o
 .ARM.attributes
                0x000002fa       0x34 ./Core/Src/usart.o
 .ARM.attributes
                0x0000032e       0x21 ./Core/Startup/startup_stm32f405rgtx.o
 .ARM.attributes
                0x0000034f       0x34 ./Core/XPT2046-HAL-SPI-master/XPT2046_touch.o
 .ARM.attributes
                0x00000383       0x34 ./Drivers/STM32F4xx_HAL_Driver/Src/stm32f4xx_hal.o
 .ARM.attributes
                0x000003b7       0x34 ./Drivers/STM32F4xx_HAL_Driver/Src/stm32f4xx_hal_cortex.o
 .ARM.attributes
                0x000003eb       0x34 ./Drivers/STM32F4xx_HAL_Driver/Src/stm32f4xx_hal_dac.o
 .ARM.attributes
                0x0000041f       0x34 ./Drivers/STM32F4xx_HAL_Driver/Src/stm32f4xx_hal_dac_ex.o
 .ARM.attributes
                0x00000453       0x34 ./Drivers/STM32F4xx_HAL_Driver/Src/stm32f4xx_hal_dma.o
 .ARM.attributes
                0x00000487       0x34 ./Drivers/STM32F4xx_HAL_Driver/Src/stm32f4xx_hal_gpio.o
 .ARM.attributes
                0x000004bb       0x34 ./Drivers/STM32F4xx_HAL_Driver/Src/stm32f4xx_hal_rcc.o
 .ARM.attributes
                0x000004ef       0x34 ./Drivers/STM32F4xx_HAL_Driver/Src/stm32f4xx_hal_spi.o
 .ARM.attributes
                0x00000523       0x34 ./Drivers/STM32F4xx_HAL_Driver/Src/stm32f4xx_hal_tim.o
 .ARM.attributes
                0x00000557       0x34 ./Drivers/STM32F4xx_HAL_Driver/Src/stm32f4xx_hal_tim_ex.o
 .ARM.attributes
                0x0000058b       0x34 ./Drivers/STM32F4xx_HAL_Driver/Src/stm32f4xx_hal_uart.o
 .ARM.attributes
                0x000005bf       0x34 ./Middlewares/Third_Party/FreeRTOS/Source/CMSIS_RTOS_V2/cmsis_os2.o
 .ARM.attributes
                0x000005f3       0x34 ./Middlewares/Third_Party/FreeRTOS/Source/list.o
 .ARM.attributes
                0x00000627       0x34 ./Middlewares/Third_Party/FreeRTOS/Source/queue.o
 .ARM.attributes
                0x0000065b       0x34 ./Middlewares/Third_Party/FreeRTOS/Source/tasks.o
 .ARM.attributes
                0x0000068f       0x34 ./Middlewares/Third_Party/FreeRTOS/Source/timers.o
 .ARM.attributes
                0x000006c3       0x34 ./Middlewares/Third_Party/FreeRTOS/Source/portable/GCC/ARM_CM4F/port.o
 .ARM.attributes
                0x000006f7       0x34 ./Middlewares/Third_Party/FreeRTOS/Source/portable/MemMang/heap_4.o
 .ARM.attributes
                0x0000072b       0x34 C:/Program Files/STM32CubeIDE_1.16.1/STM32CubeIDE/plugins/com.st.stm32cube.ide.mcu.externaltools.gnu-tools-for-stm32.12.3.rel1.win32_1.0.200.202406191623/tools/bin/../lib/gcc/arm-none-eabi/12.3.1/../../../../arm-none-eabi/lib/thumb/v7e-m+fp/hard\libc_nano.a(libc_a-findfp.o)
 .ARM.attributes
                0x0000075f       0x34 C:/Program Files/STM32CubeIDE_1.16.1/STM32CubeIDE/plugins/com.st.stm32cube.ide.mcu.externaltools.gnu-tools-for-stm32.12.3.rel1.win32_1.0.200.202406191623/tools/bin/../lib/gcc/arm-none-eabi/12.3.1/../../../../arm-none-eabi/lib/thumb/v7e-m+fp/hard\libc_nano.a(libc_a-snprintf.o)
 .ARM.attributes
                0x00000793       0x34 C:/Program Files/STM32CubeIDE_1.16.1/STM32CubeIDE/plugins/com.st.stm32cube.ide.mcu.externaltools.gnu-tools-for-stm32.12.3.rel1.win32_1.0.200.202406191623/tools/bin/../lib/gcc/arm-none-eabi/12.3.1/../../../../arm-none-eabi/lib/thumb/v7e-m+fp/hard\libc_nano.a(libc_a-memset.o)
 .ARM.attributes
                0x000007c7       0x34 C:/Program Files/STM32CubeIDE_1.16.1/STM32CubeIDE/plugins/com.st.stm32cube.ide.mcu.externaltools.gnu-tools-for-stm32.12.3.rel1.win32_1.0.200.202406191623/tools/bin/../lib/gcc/arm-none-eabi/12.3.1/../../../../arm-none-eabi/lib/thumb/v7e-m+fp/hard\libc_nano.a(libc_a-reent.o)
 .ARM.attributes
                0x000007fb       0x34 C:/Program Files/STM32CubeIDE_1.16.1/STM32CubeIDE/plugins/com.st.stm32cube.ide.mcu.externaltools.gnu-tools-for-stm32.12.3.rel1.win32_1.0.200.202406191623/tools/bin/../lib/gcc/arm-none-eabi/12.3.1/../../../../arm-none-eabi/lib/thumb/v7e-m+fp/hard\libc_nano.a(libc_a-impure.o)
 .ARM.attributes
                0x0000082f       0x34 C:/Program Files/STM32CubeIDE_1.16.1/STM32CubeIDE/plugins/com.st.stm32cube.ide.mcu.externaltools.gnu-tools-for-stm32.12.3.rel1.win32_1.0.200.202406191623/tools/bin/../lib/gcc/arm-none-eabi/12.3.1/../../../../arm-none-eabi/lib/thumb/v7e-m+fp/hard\libc_nano.a(libc_a-errno.o)
 .ARM.attributes
                0x00000863       0x34 C:/Program Files/STM32CubeIDE_1.16.1/STM32CubeIDE/plugins/com.st.stm32cube.ide.mcu.externaltools.gnu-tools-for-stm32.12.3.rel1.win32_1.0.200.202406191623/tools/bin/../lib/gcc/arm-none-eabi/12.3.1/../../../../arm-none-eabi/lib/thumb/v7e-m+fp/hard\libc_nano.a(libc_a-init.o)
 .ARM.attributes
                0x00000897       0x34 C:/Program Files/STM32CubeIDE_1.16.1/STM32CubeIDE/plugins/com.st.stm32cube.ide.mcu.externaltools.gnu-tools-for-stm32.12.3.rel1.win32_1.0.200.202406191623/tools/bin/../lib/gcc/arm-none-eabi/12.3.1/../../../../arm-none-eabi/lib/thumb/v7e-m+fp/hard\libc_nano.a(libc_a-lock.o)
 .ARM.attributes
                0x000008cb       0x34 C:/Program Files/STM32CubeIDE_1.16.1/STM32CubeIDE/plugins/com.st.stm32cube.ide.mcu.externaltools.gnu-tools-for-stm32.12.3.rel1.win32_1.0.200.202406191623/tools/bin/../lib/gcc/arm-none-eabi/12.3.1/../../../../arm-none-eabi/lib/thumb/v7e-m+fp/hard\libc_nano.a(libc_a-memcpy-stub.o)
 .ARM.attributes
                0x000008ff       0x17 C:/Program Files/STM32CubeIDE_1.16.1/STM32CubeIDE/plugins/com.st.stm32cube.ide.mcu.externaltools.gnu-tools-for-stm32.12.3.rel1.win32_1.0.200.202406191623/tools/bin/../lib/gcc/arm-none-eabi/12.3.1/../../../../arm-none-eabi/lib/thumb/v7e-m+fp/hard\libc_nano.a(libc_a-strlen.o)
 .ARM.attributes
                0x00000916       0x34 C:/Program Files/STM32CubeIDE_1.16.1/STM32CubeIDE/plugins/com.st.stm32cube.ide.mcu.externaltools.gnu-tools-for-stm32.12.3.rel1.win32_1.0.200.202406191623/tools/bin/../lib/gcc/arm-none-eabi/12.3.1/../../../../arm-none-eabi/lib/thumb/v7e-m+fp/hard\libc_nano.a(libc_a-freer.o)
 .ARM.attributes
                0x0000094a       0x34 C:/Program Files/STM32CubeIDE_1.16.1/STM32CubeIDE/plugins/com.st.stm32cube.ide.mcu.externaltools.gnu-tools-for-stm32.12.3.rel1.win32_1.0.200.202406191623/tools/bin/../lib/gcc/arm-none-eabi/12.3.1/../../../../arm-none-eabi/lib/thumb/v7e-m+fp/hard\libc_nano.a(libc_a-mallocr.o)
 .ARM.attributes
                0x0000097e       0x34 C:/Program Files/STM32CubeIDE_1.16.1/STM32CubeIDE/plugins/com.st.stm32cube.ide.mcu.externaltools.gnu-tools-for-stm32.12.3.rel1.win32_1.0.200.202406191623/tools/bin/../lib/gcc/arm-none-eabi/12.3.1/../../../../arm-none-eabi/lib/thumb/v7e-m+fp/hard\libc_nano.a(libc_a-mlock.o)
 .ARM.attributes